MPLINK 4.42, Linker
Linker Map File - Created Sat Oct 06 17:49:42 2012

                                 Section Info
                  Section       Type    Address   Location Size(Bytes)
                ---------  ---------  ---------  ---------  ---------
               _entry_scn       code   0x000800    program   0x000006
               highVector       code   0x000808    program   0x000006
                   .cinit    romdata   0x00082a    program   0x0000aa
              .code_tcp.o       code   0x0008d4    program   0x002688
              .code_cmd.o       code   0x002f5c    program   0x001dda
             .code_http.o       code   0x004d36    program   0x001314
              .code_mac.o       code   0x00604a    program   0x000f1e
              .code_udp.o       code   0x006f68    program   0x000b7c
             .code_dhcp.o       code   0x007ae4    program   0x000a7e
            .code_buses.o       code   0x008562    program   0x000a02
            .code_ior5e.o       code   0x008f64    program   0x0008aa
          .code_helpers.o       code   0x00980e    program   0x0007e0
             .code_fsee.o       code   0x009fee    program   0x00079c
           .code_sercfg.o       code   0x00a78a    program   0x0006ec
           .code_appcfg.o       code   0x00ae76    program   0x000680
              .code_ftp.o       code   0x00b4f6    program   0x00056e
        .code_mxwebsrvr.o       code   0x00ba64    program   0x000518
            .code_mxd2r.o       code   0x00bf7c    program   0x000452
            .code_lcd2s.o       code   0x00c3ce    program   0x00042c
               .code_ip.o       code   0x00c7fa    program   0x000428
             .code_nbns.o       code   0x00cc22    program   0x0003d8
              .code_arp.o       code   0x00cffa    program   0x00039e
             .stringtable    romdata   0x00d398    program   0x00037c
            .code_event.o       code   0x00d714    program   0x000364
         .code_stacktsk.o       code   0x00da78    program   0x000312
             .code_icmp.o       code   0x00dd8a    program   0x0002be
         .code_httpexec.o       code   0x00e048    program   0x00029c
          .code_xeeprom.o       code   0x00e2e4    program   0x000244
                   STDLIB       code   0x00e528    program   0x00021e
                   STRING       code   0x00e746    program   0x000208
        .romdata_sercfg.o    romdata   0x00e94e    program   0x0001e9
           .romdata_i2c.o    romdata   0x00eb37    program   0x000000
           .idata_i2c.o_i    romdata   0x00eb37    program   0x000000
          .idata_fsee.o_i    romdata   0x00eb37    program   0x000000
          .romdata_fsee.o    romdata   0x00eb37    program   0x000000
          .romdata_nbns.o    romdata   0x00eb37    program   0x000000
        .idata_busi2c.o_i    romdata   0x00eb37    program   0x000000
        .romdata_busi2c.o    romdata   0x00eb37    program   0x000000
      .idata_stacktsk.o_i    romdata   0x00eb37    program   0x000000
         .idata_ior5e.o_i    romdata   0x00eb37    program   0x000000
        .romdata_appcfg.o    romdata   0x00eb37    program   0x000000
    .idata_c018i_x800.o_i    romdata   0x00eb37    program   0x000000
            .romdata_ip.o    romdata   0x00eb37    program   0x000000
       .romdata_xeeprom.o    romdata   0x00eb37    program   0x000000
         .romdata_delay.o    romdata   0x00eb37    program   0x000000
          .code_busser2.o       code   0x00eb38    program   0x0001da
              .code_dns.o       code   0x00eb38    program   0x000000
          .code_busser1.o       code   0x00ed12    program   0x0001da
           .code_arptsk.o       code   0x00eeec    program   0x00013a
           .code_busi2c.o       code   0x00f026    program   0x0000fc
          .romdata_http.o    romdata   0x00f122    program   0x0000cb
       .idata_xeeprom.o_i    romdata   0x00f1ed    program   0x000000
         .romdata_buses.o    romdata   0x00f1ed    program   0x000000
           .romdata_udp.o    romdata   0x00f1ed    program   0x000000
      .romdata_httpexec.o    romdata   0x00f1ed    program   0x000000
         .romdata_ior5e.o    romdata   0x00f1ed    program   0x000000
         .romdata_mxd2r.o    romdata   0x00f1ed    program   0x000000
         .romdata_event.o    romdata   0x00f1ed    program   0x000000
          .idata_nbns.o_i    romdata   0x00f1ed    program   0x000001
    .romdata_c018i_x800.o    romdata   0x00f1ed    program   0x000000
               _cinit_scn       code   0x00f1ee    program   0x00009e
              .code_i2c.o       code   0x00f28c    program   0x000080
       .romdata_helpers.o    romdata   0x00f30c    program   0x000041
           .romdata_dns.o    romdata   0x00f34d    program   0x000000
           .idata_dns.o_i    romdata   0x00f34d    program   0x000000
          .romdata_tick.o    romdata   0x00f34d    program   0x000000
           .idata_udp.o_i    romdata   0x00f34d    program   0x000000
           .romdata_mac.o    romdata   0x00f34d    program   0x000000
        .romdata_arptsk.o    romdata   0x00f34d    program   0x000000
        .idata_arptsk.o_i    romdata   0x00f34d    program   0x000000
      .idata_httpexec.o_i    romdata   0x00f34d    program   0x000000
       .idata_busser2.o_i    romdata   0x00f34d    program   0x000000
       .romdata_busser2.o    romdata   0x00f34d    program   0x000000
         .idata_mxd2r.o_i    romdata   0x00f34d    program   0x000000
            .idata_io.o_i    romdata   0x00f34d    program   0x000000
            .romdata_io.o    romdata   0x00f34d    program   0x000000
      .romdata_fxd1616u.o    romdata   0x00f34d    program   0x000000
            .code_delay.o       code   0x00f34e    program   0x000036
       .code_c018i_x800.o       code   0x00f34e    program   0x000000
           .romdata_cmd.o    romdata   0x00f384    program   0x000031
       .romdata_busser1.o    romdata   0x00f3b5    program   0x000000
       .idata_busser1.o_i    romdata   0x00f3b5    program   0x000000
           .idata_mac.o_i    romdata   0x00f3b5    program   0x000000
         .romdata_lcd2s.o    romdata   0x00f3b5    program   0x000000
         .idata_delay.o_i    romdata   0x00f3b5    program   0x000000
           .romdata_arp.o    romdata   0x00f3b5    program   0x000000
          .romdata_dhcp.o    romdata   0x00f3b5    program   0x000000
          .idata_tick.o_i    romdata   0x00f3b5    program   0x000000
           .romdata_tcp.o    romdata   0x00f3b5    program   0x000000
           .idata_arp.o_i    romdata   0x00f3b5    program   0x000000
      .idata_fxd1616u.o_i    romdata   0x00f3b5    program   0x000000
          .romdata_icmp.o    romdata   0x00f3b5    program   0x000000
          .idata_icmp.o_i    romdata   0x00f3b5    program   0x000000
           .romdata_ftp.o    romdata   0x00f3b5    program   0x000000
         .code_fxd1616u.o       code   0x00f3b6    program   0x00002c
             .code_tick.o       code   0x00f3e2    program   0x000022
              D1KTCYXCODE       code   0x00f404    program   0x000020
                    .code       code   0x00f424    program   0x000020
     .romdata_mxwebsrvr.o    romdata   0x00f444    program   0x00001c
             _startup_scn       code   0x00f460    program   0x000018
               .code_io.o       code   0x00f478    program   0x00000e
      .romdata_stacktsk.o    romdata   0x00f486    program   0x000006
           .idata_tcp.o_i    romdata   0x00f48c    program   0x000002
        .idata_sercfg.o_i    romdata   0x00f48e    program   0x000018
     .idata_mxwebsrvr.o_i    romdata   0x00f4a6    program   0x000005
         .idata_lcd2s.o_i    romdata   0x00f4ab    program   0x000002
            .idata_ip.o_i    romdata   0x00f4ad    program   0x000002
          .idata_http.o_i    romdata   0x00f4af    program   0x000039
       .idata_helpers.o_i    romdata   0x00f4e8    program   0x000051
           .idata_ftp.o_i    romdata   0x00f539    program   0x000039
         .idata_event.o_i    romdata   0x00f572    program   0x000003
          .idata_dhcp.o_i    romdata   0x00f575    program   0x000004
           .idata_cmd.o_i    romdata   0x00f579    program   0x000002
         .idata_buses.o_i    romdata   0x00f57b    program   0x000002
        .idata_appcfg.o_i    romdata   0x00f57d    program   0x00000f
.config_300001_mxwebsrvr.o    romdata   0x300001    program   0x000001
.config_300002_mxwebsrvr.o    romdata   0x300002    program   0x000001
.config_300003_mxwebsrvr.o    romdata   0x300003    program   0x000001
.config_300005_mxwebsrvr.o    romdata   0x300005    program   0x000001
.config_300006_mxwebsrvr.o    romdata   0x300006    program   0x000001
.config_300008_mxwebsrvr.o    romdata   0x300008    program   0x000001
.config_300009_mxwebsrvr.o    romdata   0x300009    program   0x000001
.config_30000a_mxwebsrvr.o    romdata   0x30000a    program   0x000001
.config_30000b_mxwebsrvr.o    romdata   0x30000b    program   0x000001
.config_30000c_mxwebsrvr.o    romdata   0x30000c    program   0x000001
.config_30000d_mxwebsrvr.o    romdata   0x30000d    program   0x000001
                   EESECT    romdata   0xf00000    program   0x00011c
                MATH_DATA      udata   0x000000       data   0x000010
                 .tmpdata      udata   0x000010       data   0x000010
                accessram      udata   0x000020       data   0x000004
                DELAYDAT1      udata   0x000024       data   0x000001
             .udata_tcp.o      udata   0x000060       data   0x00004e
             .udata_ftp.o      udata   0x0000ae       data   0x000048
      .udata_c018i_x800.o      udata   0x0000f6       data   0x00000a
             .udata_udp.o      udata   0x000100       data   0x0000c2
            .idata_http.o      idata   0x0001c2       data   0x000039
            .udata_nbns.o      udata   0x0001fb       data   0x000005
           .udata_ior5e.o      udata   0x000200       data   0x000041
             .idata_ftp.o      idata   0x000241       data   0x000039
           .udata_buses.o      udata   0x00027a       data   0x000037
          .udata_appcfg.o      udata   0x0002b1       data   0x000037
          .idata_sercfg.o      idata   0x0002e8       data   0x000018
         .udata_helpers.o      udata   0x000300       data   0x000034
        .udata_stacktsk.o      udata   0x000334       data   0x000032
             .udata_mac.o      udata   0x000366       data   0x000032
             .udata_cmd.o      udata   0x000398       data   0x000028
           .udata_mxd2r.o      udata   0x0003c0       data   0x000026
            .udata_icmp.o      udata   0x0003e6       data   0x000016
              .udata_io.o      udata   0x0003fc       data   0x000004
           .udata_lcd2s.o      udata   0x000400       data   0x00001e
            .udata_dhcp.o      udata   0x00041e       data   0x00001b
              .udata_ip.o      udata   0x000439       data   0x000012
          .udata_arptsk.o      udata   0x00044b       data   0x000011
         .udata_xeeprom.o      udata   0x00045c       data   0x00000f
          .idata_appcfg.o      idata   0x00046b       data   0x00000f
       .udata_mxwebsrvr.o      udata   0x00047a       data   0x00000e
             .udata_arp.o      udata   0x000488       data   0x000009
        .udata_httpexec.o      udata   0x000491       data   0x000008
          .udata_busi2c.o      udata   0x000499       data   0x000008
            .udata_tick.o      udata   0x0004a1       data   0x000007
         .udata_busser2.o      udata   0x0004a8       data   0x000007
         .udata_busser1.o      udata   0x0004af       data   0x000007
             .udata_i2c.o      udata   0x0004b6       data   0x000006
       .idata_mxwebsrvr.o      idata   0x0004bc       data   0x000005
            .idata_dhcp.o      idata   0x0004c1       data   0x000004
           .udata_event.o      udata   0x0004c5       data   0x000003
           .idata_event.o      idata   0x0004c8       data   0x000003
           .udata_delay.o      udata   0x0004cb       data   0x000002
             .idata_tcp.o      idata   0x0004cd       data   0x000002
           .idata_lcd2s.o      idata   0x0004cf       data   0x000002
              .idata_ip.o      idata   0x0004d1       data   0x000002
             .idata_cmd.o      idata   0x0004d3       data   0x000002
           .idata_buses.o      idata   0x0004d5       data   0x000002
            .idata_fsee.o      idata   0x0004d7       data   0x000000
             .idata_i2c.o      idata   0x0004d7       data   0x000000
             .idata_udp.o      idata   0x0004d7       data   0x000000
             .idata_mac.o      idata   0x0004d7       data   0x000000
        .udata_fxd1616u.o      udata   0x0004d7       data   0x000000
        .idata_stacktsk.o      idata   0x0004d7       data   0x000000
        .idata_httpexec.o      idata   0x0004d7       data   0x000000
           .idata_delay.o      idata   0x0004d7       data   0x000000
         .idata_xeeprom.o      idata   0x0004d7       data   0x000000
            .idata_tick.o      idata   0x0004d7       data   0x000000
             .udata_dns.o      udata   0x0004d7       data   0x000000
             .idata_dns.o      idata   0x0004d7       data   0x000000
        .idata_fxd1616u.o      idata   0x0004d7       data   0x000000
         .idata_busser1.o      idata   0x0004d7       data   0x000000
          .idata_arptsk.o      idata   0x0004d7       data   0x000000
          .idata_busi2c.o      idata   0x0004d7       data   0x000000
         .idata_busser2.o      idata   0x0004d7       data   0x000000
           .idata_ior5e.o      idata   0x0004d7       data   0x000000
             .idata_arp.o      idata   0x0004d7       data   0x000000
           .idata_mxd2r.o      idata   0x0004d7       data   0x000000
      .idata_c018i_x800.o      idata   0x0004d7       data   0x000000
            .idata_icmp.o      idata   0x0004d7       data   0x000000
              .idata_io.o      idata   0x0004d7       data   0x000000
            cmd.o:cmdTask     actrec   0x000900       data   0x00004f
            cmd.o:cmdInit     actrec   0x000900       data   0x00000a
          helpers.o:swapl     actrec   0x000900       data   0x000007
     ftp.o:ParseFTPString     actrec   0x000900       data   0x000004
    ftp.o:ParseFTPCommand     actrec   0x000900       data   0x000001
helpers.o:CalcIPBufferChecksum     actrec   0x000900       data   0x000046
       fsee.o:fseePutByte     actrec   0x000900       data   0x000002
       fsee.o:fseeGetByte     actrec   0x000900       data   0x000003
          fsee.o:fseeOpen     actrec   0x000900       data   0x000008
          fsee.o:fseeInit     actrec   0x000900       data   0x000001
          event.o:evtTask     actrec   0x000900       data   0x000041
         tcp.o:TCPDiscard     actrec   0x000900       data   0x000002
         dhcp.o:_DHCPSend     actrec   0x000900       data   0x000005
      dhcp.o:_DHCPReceive     actrec   0x000900       data   0x000009
 udp.o:FindMatchingSocket     actrec   0x000900       data   0x000004
            udp.o:UDPInit     actrec   0x000900       data   0x000001
        tcp.o:TCPGetArray     actrec   0x000900       data   0x000002
sercfg.o:DownloadFsysImage     actrec   0x000900       data   0x000087
   sercfg.o:GetMenuChoice     actrec   0x000900       data   0x000001
sercfg.o:StringToIPAddress     actrec   0x000900       data   0x000004
  sercfg.o:USARTGetString     actrec   0x000900       data   0x000002
sercfg.o:scfDisplayIPValue     actrec   0x000900       data   0x000008
      mac.o:MACGetNICAddr     actrec   0x000900       data   0x000002
       mac.o:MACGetHeader     actrec   0x000900       data   0x000017
     mxd2r.o:mxd2rService     actrec   0x000900       data   0x000001
           icmp.o:ICMPGet     actrec   0x000900       data   0x000030
           icmp.o:ICMPPut     actrec   0x000900       data   0x00002b
     ior5e.o:ior5eService     actrec   0x000900       data   0x000003
   http.o:HTTPParseHeader     actrec   0x000900       data   0x000087
             arp.o:ARPGet     actrec   0x000900       data   0x00001c
busser2.o:ser2PutRomString     actrec   0x000900       data   0x000001
  busser2.o:ser2PutString     actrec   0x000900       data   0x000001
    busser2.o:ser2GetByte     actrec   0x000900       data   0x000001
         ip.o:IPGetHeader     actrec   0x000900       data   0x000045
             arp.o:ARPPut     actrec   0x000900       data   0x00001d
busi2c.o:i2c1BusPutRomString     actrec   0x000900       data   0x000001
busi2c.o:i2c1BusPutString     actrec   0x000900       data   0x000001
  busi2c.o:i2c1BusGetByte     actrec   0x000900       data   0x000001
busser1.o:serPutRomString     actrec   0x000900       data   0x000001
  lcd2s.o:lcdPutRomString     actrec   0x000900       data   0x000001
       lcd2s.o:lcdService     actrec   0x000900       data   0x000001
          lcd2s.o:lcdInit     actrec   0x000900       data   0x000001
          buses.o:busTask     actrec   0x000900       data   0x000004
          buses.o:busInit     actrec   0x000900       data   0x000001
            tcp.o:TCPInit     actrec   0x000900       data   0x000003
          tcp.o:TCPListen     actrec   0x000900       data   0x000003
          nbns.o:NBNSTask     actrec   0x000900       data   0x000021
          event.o:evtInit     actrec   0x000900       data   0x00000a
        mac.o:MACIsLinked     actrec   0x000900       data   0x000001
http.o:HTTPGetRqstResFiletype     actrec   0x000900       data   0x000003
  tcp.o:TCPGetRxBufferPos     actrec   0x000900       data   0x000002
   mac.o:MACGetFreeRxSize     actrec   0x000900       data   0x000004
appcfg.o:appcfgCpuIOValues     actrec   0x000900       data   0x000001
    httpexec.o:HTTPGetVar     actrec   0x000900       data   0x000008
            mac.o:MACInit     actrec   0x000900       data   0x000001
    http.o:HTTPGetRqstRes     actrec   0x000900       data   0x000002
      appcfg.o:appcfgInit     actrec   0x000900       data   0x000002
httpexec.o:HTTPExecGetCmd     actrec   0x000900       data   0x000048
    http.o:HTTPGetCommand     actrec   0x000900       data   0x000007
   xeeprom.o:XEEReadArray     actrec   0x000900       data   0x000001
 tcp.o:FindMatchingSocket     actrec   0x000900       data   0x000004
          http.o:HTTPInit     actrec   0x000903       data   0x000001
    busser2.o:ser2Service     actrec   0x000904       data   0x000001
     busser1.o:serService     actrec   0x000904       data   0x000001
      tcp.o:SwapTCPHeader     actrec   0x000907       data   0x000001
   xeeprom.o:XEEBeginRead     actrec   0x000908       data   0x000001
   busser1.o:serPutString     actrec   0x000908       data   0x000001
      arptsk.o:ARPResolve     actrec   0x00091d       data   0x00000a
      arptsk.o:ARPProcess     actrec   0x00091d       data   0x00000b
       nbns.o:NBNSCmpName     actrec   0x000921       data   0x000003
       nbns.o:NBNSGetName     actrec   0x000921       data   0x000003
       nbns.o:NBNSPutName     actrec   0x000921       data   0x000002
        udp.o:UDPPutArray     actrec   0x000941       data   0x000004
        udp.o:UDPGetArray     actrec   0x000941       data   0x000002
   ior5e.o:ior5eAddEvents     actrec   0x000941       data   0x000004
           event.o:chkLCD     actrec   0x000941       data   0x000003
   mxd2r.o:mxd2rAddEvents     actrec   0x000941       data   0x000001
       lcd2s.o:kpadGetKey     actrec   0x000944       data   0x000001
         udp.o:UDPProcess     actrec   0x000946       data   0x000018
        tcp.o:TransmitTCP     actrec   0x000946       data   0x000026
      http.o:HTTPGetParam     actrec   0x000948       data   0x000004
   cmd.o:execNameValueCmd     actrec   0x00094f       data   0x00003e
          cmd.o:cmdGetTag     actrec   0x00094f       data   0x000013
       appcfg.o:appcfgPWM     actrec   0x00094f       data   0x000002
        mxd2r.o:mxd2rInit     actrec   0x00094f       data   0x000001
        ior5e.o:ior5eInit     actrec   0x00094f       data   0x000001
     appcfg.o:appcfgCpuIO     actrec   0x00094f       data   0x000001
   helpers.o:strcmpee2ram     actrec   0x00094f       data   0x000001
    appcfg.o:appcfgUSART2     actrec   0x00094f       data   0x000003
     appcfg.o:appcfgUSART     actrec   0x00094f       data   0x000003
      buses.o:busInfoInit     actrec   0x00094f       data   0x000003
       buses.o:busNetInit     actrec   0x00094f       data   0x00000b
           udp.o:UDPFlush     actrec   0x00094f       data   0x00000a
             udp.o:UDPPut     actrec   0x000959       data   0x000002
            udp.o:UDPOpen     actrec   0x00095a       data   0x000003
         helpers.o:memclr     actrec   0x00095a       data   0x000004
     ior5e.o:ior5eGetOpto     actrec   0x000962       data   0x000001
   cmd.o:cmdGetWordHexVar     actrec   0x000962       data   0x000001
cmd.o:cmdGetEepromStringVar     actrec   0x000962       data   0x000002
     appcfg.o:pwmGetValue     actrec   0x000962       data   0x000006
      appcfg.o:pwmGetFreq     actrec   0x000962       data   0x000001
       http.o:sendLineEnd     actrec   0x00096c       data   0x000002
          http.o:sendFile     actrec   0x00096c       data   0x00000c
         tcp.o:TCPProcess     actrec   0x00096c       data   0x000026
        tcp.o:TCPPutArray     actrec   0x00096c       data   0x000002
      tcp.o:TCPDisconnect     actrec   0x00096c       data   0x000002
         tcp.o:TCPConnect     actrec   0x00096c       data   0x000004
        http.o:sendRomStr     actrec   0x00096c       data   0x000002
            tcp.o:TCPTick     actrec   0x00096c       data   0x000010
          ftp.o:FTPServer     actrec   0x000970       data   0x000004
            ftp.o:PutFile     actrec   0x000974       data   0x000001
             tcp.o:TCPPut     actrec   0x000978       data   0x000002
           tcp.o:TCPFlush     actrec   0x00097a       data   0x000002
             tcp.o:TCPGet     actrec   0x000987       data   0x000002
     tcp.o:TCPGetArrayChr     actrec   0x000987       data   0x000005
mxwebsrvr.o:HTTPProcessHdr     actrec   0x000987       data   0x00002e
sercfg.o:ExecuteMenuChoice     actrec   0x000987       data   0x00001d
     mac.o:MACGetArrayChr     actrec   0x00098c       data   0x000003
     tcp.o:TCPSetRxBuffer     actrec   0x00098c       data   0x000003
      appcfg.o:pwmSetFreq     actrec   0x00098d       data   0x000001
     appcfg.o:pwmSetValue     actrec   0x00098d       data   0x000005
        delay.o:Delay10us     actrec   0x00098d       data   0x000001
   helpers.o:strcpyram2ee     actrec   0x00098d       data   0x000001
     lcd2s.o:lcdPutString     actrec   0x00098d       data   0x000001
      lcd2s.o:lcdPutArray     actrec   0x00098d       data   0x000002
         helpers.o:hextob     actrec   0x00098d       data   0x000002
           mac.o:MACFlush     actrec   0x000992       data   0x000001
     mac.o:MACSetRxBuffer     actrec   0x000992       data   0x000002
          helpers.o:swaps     actrec   0x000992       data   0x000003
     mac.o:MACSetTxBuffer     actrec   0x000992       data   0x000002
        mac.o:MACGetArray     actrec   0x000992       data   0x000002
             mac.o:MACGet     actrec   0x000992       data   0x000003
     mac.o:MACGetTxBuffer     actrec   0x000992       data   0x000001
         ip.o:IPPutHeader     actrec   0x000992       data   0x000014
       mac.o:MACIsTxReady     actrec   0x000992       data   0x000001
       mac.o:MACDiscardRx     actrec   0x000995       data   0x000003
             mac.o:NICGet     actrec   0x000998       data   0x000001
         sercfg.o:scfInit     actrec   0x0009a4       data   0x000003
       tcp.o:HandleTCPSeg     actrec   0x0009a6       data   0x000013
     appcfg.o:_appcfgPutc     actrec   0x0009a7       data   0x000001
       fsee.o:fseeRelease     actrec   0x0009a7       data   0x000002
     fsee.o:fseeOpenImage     actrec   0x0009a7       data   0x000001
     xeeprom.o:XEESetAddr     actrec   0x0009a7       data   0x000002
     busser1.o:serGetByte     actrec   0x0009a7       data   0x000001
  fsee.o:fseePutByteImage     actrec   0x0009a9       data   0x000002
      xeeprom.o:XEEIsBusy     actrec   0x0009ab       data   0x000001
       sercfg.o:SetConfig     actrec   0x0009ac       data   0x000001
       http.o:HTTPProcess     actrec   0x0009b5       data   0x000018
     stacktsk.o:StackTask     actrec   0x0009b9       data   0x000006
         mxwebsrvr.o:main     actrec   0x0009cd       data   0x00000b
 helpers.o:CalcIPChecksum     actrec   0x0009d8       data   0x000008
   helpers.o:strcpyee2ram     actrec   0x0009d8       data   0x000001
helpers.o:strBeginsWithIC     actrec   0x0009d8       data   0x000001
        mac.o:MACPutArray     actrec   0x0009d8       data   0x000004
   helpers.o:base64Encode     actrec   0x0009d8       data   0x000001
        ip.o:SwapIPHeader     actrec   0x0009d8       data   0x000001
       mac.o:MACPutHeader     actrec   0x0009dc       data   0x000003
        http.o:HTTPServer     actrec   0x0009e0       data   0x000001
           BUS_BUFFER_SEG      udata   0x000a00       data   0x000200
      TCP_SOCKET_INFO_SEG      udata   0x000c00       data   0x000168
         .idata_helpers.o      idata   0x000d68       data   0x000051
            .udata_fsee.o      udata   0x000db9       data   0x000046
            .idata_nbns.o      idata   0x000dff       data   0x000001
                   .stack      udata   0x000e00       data   0x000100
            .udata_http.o      udata   0x000f00       data   0x000055
          .udata_sercfg.o      udata   0x000f55       data   0x00000b
            SFR_UNBANKED0      udata   0x000f62       data   0x00009e



                              Program Memory Usage 
                               Start         End      
                           ---------   ---------      
                            0x000800    0x000805      
                            0x000808    0x00080d      
                            0x00082a    0x00eb36      
                            0x00eb38    0x00f34c      
                            0x00f34e    0x00f3b4      
                            0x00f3b6    0x00f58b      
                            0x300001    0x300003      
                            0x300005    0x300006      
                            0x300008    0x30000d      
                            0xf00000    0xf0011b      
            61074 out of 99352 program addresses used, program memory utilization is 61%



                              Symbols - Sorted by Name
                     Name    Address   Location    Storage File                     
                ---------  ---------  ---------  --------- ---------                
              APP_VER_STR   0x00f444    program     extern C:\Users\Jim\Desktop\websrvr65_v310\src\mxwebsrvr.c
                   ARPGet   0x00cffa    program     extern C:\Users\Jim\Desktop\websrvr65_v310\src\net\arp.c
                  ARPInit   0x00eeec    program     extern C:\Users\Jim\Desktop\websrvr65_v310\src\net\arptsk.c
            ARPIsResolved   0x00efb8    program     extern C:\Users\Jim\Desktop\websrvr65_v310\src\net\arptsk.c
               ARPProcess   0x00ef06    program     extern C:\Users\Jim\Desktop\websrvr65_v310\src\net\arptsk.c
                   ARPPut   0x00d132    program     extern C:\Users\Jim\Desktop\websrvr65_v310\src\net\arp.c
               ARPResolve   0x00ef8c    program     extern C:\Users\Jim\Desktop\websrvr65_v310\src\net\arptsk.c
       AnsiEscClearScreen   0x00eb32    program     static C:\Users\Jim\Desktop\websrvr65_v310\src\sercfg.c
     CalcIPBufferChecksum   0x0099dc    program     extern C:\Users\Jim\Desktop\websrvr65_v310\src\net\helpers.c
           CalcIPChecksum   0x009904    program     extern C:\Users\Jim\Desktop\websrvr65_v310\src\net\helpers.c
              CloseSocket   0x00226a    program     static C:\Users\Jim\Desktop\websrvr65_v310\src\net\tcp.c
                    D1K_1   0x00f410    program     static C:\MCC18\src\traditional\delays\d1ktcyx.asm
                     D1Kx   0x00f40e    program     static C:\MCC18\src\traditional\delays\d1ktcyx.asm
              DHCPDisable   0x007b16    program     extern C:\Users\Jim\Desktop\websrvr65_v310\src\net\dhcp.c
               DHCPEnable   0x007b5e    program     extern C:\Users\Jim\Desktop\websrvr65_v310\src\net\dhcp.c
                  DHCPMsg   0x00e9a1    program     extern C:\Users\Jim\Desktop\websrvr65_v310\src\sercfg.c
                DHCPReset   0x007ae4    program     extern C:\Users\Jim\Desktop\websrvr65_v310\src\net\dhcp.c
                 DHCPTask   0x007b8c    program     extern C:\Users\Jim\Desktop\websrvr65_v310\src\net\dhcp.c
                Delay10us   0x00f34e    program     extern C:\Users\Jim\Desktop\websrvr65_v310\src\net\delay.c
              Delay1KTCYx   0x00f404    program     extern C:\MCC18\src\traditional\delays\d1ktcyx.asm
                  DelayMs   0x00f368    program     extern C:\Users\Jim\Desktop\websrvr65_v310\src\net\delay.c
        DownloadFsysImage   0x00ad12    program     static C:\Users\Jim\Desktop\websrvr65_v310\src\sercfg.c
        ExecuteFTPCommand   0x00b6c8    program     static C:\Users\Jim\Desktop\websrvr65_v310\src\net\ftp.c
        ExecuteMenuChoice   0x00aa5e    program     extern C:\Users\Jim\Desktop\websrvr65_v310\src\sercfg.c
                  FTPInit   0x00b4f6    program     extern C:\Users\Jim\Desktop\websrvr65_v310\src\net\ftp.c
                FTPServer   0x00b514    program     extern C:\Users\Jim\Desktop\websrvr65_v310\src\net\ftp.c
                FTPVerify   0x00bf3c    program     extern C:\Users\Jim\Desktop\websrvr65_v310\src\mxwebsrvr.c
                 FXD1616U   0x00f3b6    program     extern C:\MCC18\src\traditional\math\fxd1616u.c
       FindMatchingSocket   0x00792a    program     static C:\Users\Jim\Desktop\websrvr65_v310\src\net\udp.c
       FindMatchingSocket   0x001df0    program     static C:\Users\Jim\Desktop\websrvr65_v310\src\net\tcp.c
            GetMenuChoice   0x00aa38    program     extern C:\Users\Jim\Desktop\websrvr65_v310\src\sercfg.c
          HTMLSTR_CHECKED   0x00f384    program     extern C:\Users\Jim\Desktop\websrvr65_v310\src\cmd.c
         HTMLSTR_CMNT_END   0x00f39a    program     extern C:\Users\Jim\Desktop\websrvr65_v310\src\cmd.c
       HTMLSTR_CMNT_START   0x00f395    program     extern C:\Users\Jim\Desktop\websrvr65_v310\src\cmd.c
         HTMLSTR_DISABLED   0x00f38c    program     extern C:\Users\Jim\Desktop\websrvr65_v310\src\cmd.c
              HTMLSTR_OFF   0x00f3a1    program     extern C:\Users\Jim\Desktop\websrvr65_v310\src\cmd.c
               HTMLSTR_ON   0x00f39e    program     extern C:\Users\Jim\Desktop\websrvr65_v310\src\cmd.c
           HTTPExecGetCmd   0x00e04a    program     extern C:\Users\Jim\Desktop\websrvr65_v310\src\httpexec.c
           HTTPGetCommand   0x005a56    program     static C:\Users\Jim\Desktop\websrvr65_v310\src\net\http.c
       HTTPGetCurrentUser   0x006018    program     extern C:\Users\Jim\Desktop\websrvr65_v310\src\net\http.c
             HTTPGetParam   0x00599e    program     extern C:\Users\Jim\Desktop\websrvr65_v310\src\net\http.c
           HTTPGetRqstRes   0x004eb4    program     extern C:\Users\Jim\Desktop\websrvr65_v310\src\net\http.c
   HTTPGetRqstResFiletype   0x004dfc    program     extern C:\Users\Jim\Desktop\websrvr65_v310\src\net\http.c
               HTTPGetVar   0x00e25a    program     extern C:\Users\Jim\Desktop\websrvr65_v310\src\httpexec.c
    HTTPHDR_AUTHORIZATION   0x00f44a    program     static C:\Users\Jim\Desktop\websrvr65_v310\src\mxwebsrvr.c
                 HTTPInit   0x004d36    program     extern C:\Users\Jim\Desktop\websrvr65_v310\src\net\http.c
HTTPMSG_CACHECONTROL_MAXAGE300   0x00f1a7    program     extern C:\Users\Jim\Desktop\websrvr65_v310\src\net\http.c
HTTPMSG_CONTENT_ENCODING_GZIP   0x00f181    program     extern C:\Users\Jim\Desktop\websrvr65_v310\src\net\http.c
     HTTPMSG_CONTENT_TYPE   0x00f172    program     extern C:\Users\Jim\Desktop\websrvr65_v310\src\net\http.c
HTTPMSG_EXPIRES_IMMEDIATELY   0x00f19a    program     extern C:\Users\Jim\Desktop\websrvr65_v310\src\net\http.c
      HTTPMSG_RESPONSE_OK   0x00f162    program     extern C:\Users\Jim\Desktop\websrvr65_v310\src\net\http.c
          HTTPParseHeader   0x005ea8    program     static C:\Users\Jim\Desktop\websrvr65_v310\src\net\http.c
              HTTPProcess   0x004f86    program     static C:\Users\Jim\Desktop\websrvr65_v310\src\net\http.c
           HTTPProcessHdr   0x00be5a    program     extern C:\Users\Jim\Desktop\websrvr65_v310\src\mxwebsrvr.c
               HTTPServer   0x004de4    program     extern C:\Users\Jim\Desktop\websrvr65_v310\src\net\http.c
 HTTP_DEFAULT_FILE_STRING   0x00f1d9    program     extern C:\Users\Jim\Desktop\websrvr65_v310\src\net\http.c
          HTTP_GET_STRING   0x00f1d5    program     extern C:\Users\Jim\Desktop\websrvr65_v310\src\net\http.c
             HandleTCPSeg   0x002388    program     static C:\Users\Jim\Desktop\websrvr65_v310\src\net\tcp.c
                  HighISR   0x00ba64    program     extern C:\Users\Jim\Desktop\websrvr65_v310\src\mxwebsrvr.c
               HighVector   0x000808    program     extern C:\Users\Jim\Desktop\websrvr65_v310\src\mxwebsrvr.c
                  ICMPGet   0x00dd8a    program     extern C:\Users\Jim\Desktop\websrvr65_v310\src\net\icmp.c
                  ICMPPut   0x00de90    program     extern C:\Users\Jim\Desktop\websrvr65_v310\src\net\icmp.c
              IPGetHeader   0x00c7fa    program     extern C:\Users\Jim\Desktop\websrvr65_v310\src\net\ip.c
              IPPutHeader   0x00c998    program     extern C:\Users\Jim\Desktop\websrvr65_v310\src\net\ip.c
            IPSetRxBuffer   0x00ca80    program     extern C:\Users\Jim\Desktop\websrvr65_v310\src\net\ip.c
          InitializeBoard   0x00bf70    program     static C:\Users\Jim\Desktop\websrvr65_v310\src\mxwebsrvr.c
          InvalidInputMsg   0x00eae8    program     extern C:\Users\Jim\Desktop\websrvr65_v310\src\sercfg.c
             MACDiscardRx   0x006948    program     extern C:\Users\Jim\Desktop\websrvr65_v310\src\net\mac.c
             MACDiscardTx   0x00690c    program     extern C:\Users\Jim\Desktop\websrvr65_v310\src\net\mac.c
                 MACFlush   0x006dba    program     extern C:\Users\Jim\Desktop\websrvr65_v310\src\net\mac.c
                   MACGet   0x006666    program     extern C:\Users\Jim\Desktop\websrvr65_v310\src\net\mac.c
              MACGetArray   0x00671c    program     extern C:\Users\Jim\Desktop\websrvr65_v310\src\net\mac.c
           MACGetArrayChr   0x0067d0    program     extern C:\Users\Jim\Desktop\websrvr65_v310\src\net\mac.c
         MACGetFreeRxSize   0x006970    program     extern C:\Users\Jim\Desktop\websrvr65_v310\src\net\mac.c
             MACGetHeader   0x006a5e    program     extern C:\Users\Jim\Desktop\websrvr65_v310\src\net\mac.c
            MACGetNICAddr   0x006ee8    program     extern C:\Users\Jim\Desktop\websrvr65_v310\src\net\mac.c
           MACGetTxBuffer   0x0063aa    program     extern C:\Users\Jim\Desktop\websrvr65_v310\src\net\mac.c
                  MACInit   0x00604a    program     extern C:\Users\Jim\Desktop\websrvr65_v310\src\net\mac.c
              MACIsLinked   0x006a2e    program     extern C:\Users\Jim\Desktop\websrvr65_v310\src\net\mac.c
             MACIsTxReady   0x006338    program     extern C:\Users\Jim\Desktop\websrvr65_v310\src\net\mac.c
                   MACPut   0x00643e    program     extern C:\Users\Jim\Desktop\websrvr65_v310\src\net\mac.c
              MACPutArray   0x006496    program     extern C:\Users\Jim\Desktop\websrvr65_v310\src\net\mac.c
             MACPutHeader   0x006cc0    program     extern C:\Users\Jim\Desktop\websrvr65_v310\src\net\mac.c
       MACReserveTxBuffer   0x0068f0    program     extern C:\Users\Jim\Desktop\websrvr65_v310\src\net\mac.c
           MACSetRxBuffer   0x006f04    program     extern C:\Users\Jim\Desktop\websrvr65_v310\src\net\mac.c
           MACSetTxBuffer   0x006f2a    program     extern C:\Users\Jim\Desktop\websrvr65_v310\src\net\mac.c
                  MACTask   0x0062ee    program     extern C:\Users\Jim\Desktop\websrvr65_v310\src\net\mac.c
              NBNSCmpName   0x00cfb2    program     static C:\Users\Jim\Desktop\websrvr65_v310\src\net\nbns.c
              NBNSGetName   0x00cf1c    program     static C:\Users\Jim\Desktop\websrvr65_v310\src\net\nbns.c
              NBNSPutName   0x00ceca    program     static C:\Users\Jim\Desktop\websrvr65_v310\src\net\nbns.c
                 NBNSTask   0x00cc22    program     extern C:\Users\Jim\Desktop\websrvr65_v310\src\net\nbns.c
                   NICGet   0x006eaa    program     extern C:\Users\Jim\Desktop\websrvr65_v310\src\net\mac.c
                   NICPut   0x006e92    program     extern C:\Users\Jim\Desktop\websrvr65_v310\src\net\mac.c
                 NICReset   0x006e6c    program     extern C:\Users\Jim\Desktop\websrvr65_v310\src\net\mac.c
               NICSetAddr   0x006ec6    program     extern C:\Users\Jim\Desktop\websrvr65_v310\src\net\mac.c
                  OneByte   0x00e734    program     static C:\MCC18\src\traditional\stdclib\itobcd.asm
               PAGE_LOGIN   0x00f1e3    program     extern C:\Users\Jim\Desktop\websrvr65_v310\src\net\http.c
          ParseFTPCommand   0x00b93c    program     static C:\Users\Jim\Desktop\websrvr65_v310\src\net\ftp.c
           ParseFTPString   0x00b9b0    program     static C:\Users\Jim\Desktop\websrvr65_v310\src\net\ftp.c
        PressKeyForConfig   0x00e94e    program     extern C:\Users\Jim\Desktop\websrvr65_v310\src\sercfg.c
                ProcLower   0x00e6e8    program     static C:\MCC18\src\traditional\stdclib\itoa.asm
                ProcUpper   0x00e6de    program     static C:\MCC18\src\traditional\stdclib\itoa.asm
                ProcessIO   0x00bd9c    program     static C:\Users\Jim\Desktop\websrvr65_v310\src\mxwebsrvr.c
                  PutFile   0x00b828    program     static C:\Users\Jim\Desktop\websrvr65_v310\src\net\ftp.c
                     Quit   0x00b7a8    program     static C:\Users\Jim\Desktop\websrvr65_v310\src\net\ftp.c
               RunningApp   0x00e97d    program     extern C:\Users\Jim\Desktop\websrvr65_v310\src\sercfg.c
            STACK_VER_STR   0x00f486    program     extern C:\Users\Jim\Desktop\websrvr65_v310\src\net\stacktsk.c
      STR_NOT_IMPLEMENTED   0x00f3a5    program     extern C:\Users\Jim\Desktop\websrvr65_v310\src\cmd.c
                SetConfig   0x00ace0    program     static C:\Users\Jim\Desktop\websrvr65_v310\src\sercfg.c
                StackInit   0x00da78    program     extern C:\Users\Jim\Desktop\websrvr65_v310\src\net\stacktsk.c
                StackTask   0x00daa6    program     extern C:\Users\Jim\Desktop\websrvr65_v310\src\net\stacktsk.c
        StringToIPAddress   0x00a96e    program     extern C:\Users\Jim\Desktop\websrvr65_v310\src\sercfg.c
            SwapARPPacket   0x00d2fa    program     static C:\Users\Jim\Desktop\websrvr65_v310\src\net\arp.c
           SwapICMPPacket   0x00df9e    program     static C:\Users\Jim\Desktop\websrvr65_v310\src\net\icmp.c
             SwapIPHeader   0x00ca98    program     static C:\Users\Jim\Desktop\websrvr65_v310\src\net\ip.c
            SwapTCPHeader   0x001ffe    program     static C:\Users\Jim\Desktop\websrvr65_v310\src\net\tcp.c
               TCPConnect   0x000a9c    program     extern C:\Users\Jim\Desktop\websrvr65_v310\src\net\tcp.c
               TCPDiscard   0x0012a0    program     extern C:\Users\Jim\Desktop\websrvr65_v310\src\net\tcp.c
            TCPDisconnect   0x000c98    program     extern C:\Users\Jim\Desktop\websrvr65_v310\src\net\tcp.c
                 TCPFlush   0x000d9a    program     extern C:\Users\Jim\Desktop\websrvr65_v310\src\net\tcp.c
                   TCPGet   0x0014f8    program     extern C:\Users\Jim\Desktop\websrvr65_v310\src\net\tcp.c
              TCPGetArray   0x0012e8    program     extern C:\Users\Jim\Desktop\websrvr65_v310\src\net\tcp.c
           TCPGetArrayChr   0x0013d0    program     extern C:\Users\Jim\Desktop\websrvr65_v310\src\net\tcp.c
        TCPGetRxBufferPos   0x002f20    program     extern C:\Users\Jim\Desktop\websrvr65_v310\src\net\tcp.c
         TCPGetSocketInfo   0x002e90    program     extern C:\Users\Jim\Desktop\websrvr65_v310\src\net\tcp.c
                  TCPInit   0x0008d4    program     extern C:\Users\Jim\Desktop\websrvr65_v310\src\net\tcp.c
           TCPIsConnected   0x000c78    program     extern C:\Users\Jim\Desktop\websrvr65_v310\src\net\tcp.c
            TCPIsGetReady   0x0015b0    program     extern C:\Users\Jim\Desktop\websrvr65_v310\src\net\tcp.c
            TCPIsPutReady   0x000f00    program     extern C:\Users\Jim\Desktop\websrvr65_v310\src\net\tcp.c
                TCPListen   0x000998    program     extern C:\Users\Jim\Desktop\websrvr65_v310\src\net\tcp.c
               TCPProcess   0x0019e4    program     extern C:\Users\Jim\Desktop\websrvr65_v310\src\net\tcp.c
                   TCPPut   0x000f94    program     extern C:\Users\Jim\Desktop\websrvr65_v310\src\net\tcp.c
              TCPPutArray   0x0010c6    program     extern C:\Users\Jim\Desktop\websrvr65_v310\src\net\tcp.c
           TCPSetRxBuffer   0x002eb0    program     extern C:\Users\Jim\Desktop\websrvr65_v310\src\net\tcp.c
                  TCPTick   0x0015e0    program     extern C:\Users\Jim\Desktop\websrvr65_v310\src\net\tcp.c
                 TickInit   0x00f3e2    program     extern C:\Users\Jim\Desktop\websrvr65_v310\src\net\tick.c
              TransmitTCP   0x001b68    program     static C:\Users\Jim\Desktop\websrvr65_v310\src\net\tcp.c
                 TstLower   0x00e6d2    program     static C:\MCC18\src\traditional\stdclib\itoa.asm
                 TstUpper   0x00e6cc    program     static C:\MCC18\src\traditional\stdclib\itoa.asm
                 UDPClose   0x007052    program     extern C:\Users\Jim\Desktop\websrvr65_v310\src\net\udp.c
               UDPDiscard   0x0076dc    program     extern C:\Users\Jim\Desktop\websrvr65_v310\src\net\udp.c
                 UDPFlush   0x007330    program     extern C:\Users\Jim\Desktop\websrvr65_v310\src\net\udp.c
                   UDPGet   0x0074d2    program     extern C:\Users\Jim\Desktop\websrvr65_v310\src\net\udp.c
              UDPGetArray   0x00759c    program     extern C:\Users\Jim\Desktop\websrvr65_v310\src\net\udp.c
           UDPGetNodeInfo   0x00790a    program     extern C:\Users\Jim\Desktop\websrvr65_v310\src\net\udp.c
                  UDPInit   0x006f68    program     extern C:\Users\Jim\Desktop\websrvr65_v310\src\net\udp.c
            UDPIsGetReady   0x00745a    program     extern C:\Users\Jim\Desktop\websrvr65_v310\src\net\udp.c
           UDPIsGetReady_   0x007492    program     extern C:\Users\Jim\Desktop\websrvr65_v310\src\net\udp.c
            UDPIsPutReady   0x0070b8    program     extern C:\Users\Jim\Desktop\websrvr65_v310\src\net\udp.c
                  UDPOpen   0x006f80    program     extern C:\Users\Jim\Desktop\websrvr65_v310\src\net\udp.c
               UDPProcess   0x007728    program     extern C:\Users\Jim\Desktop\websrvr65_v310\src\net\udp.c
                   UDPPut   0x0070d0    program     extern C:\Users\Jim\Desktop\websrvr65_v310\src\net\udp.c
              UDPPutArray   0x0071b2    program     extern C:\Users\Jim\Desktop\websrvr65_v310\src\net\udp.c
           USARTGetString   0x00a91c    program     extern C:\Users\Jim\Desktop\websrvr65_v310\src\sercfg.c
             XEEBeginRead   0x00e386    program     extern C:\Users\Jim\Desktop\websrvr65_v310\src\net\xeeprom.c
                 XEEClose   0x00e4aa    program     extern C:\Users\Jim\Desktop\websrvr65_v310\src\net\xeeprom.c
               XEEEndRead   0x00e450    program     extern C:\Users\Jim\Desktop\websrvr65_v310\src\net\xeeprom.c
              XEEEndWrite   0x00e428    program     extern C:\Users\Jim\Desktop\websrvr65_v310\src\net\xeeprom.c
                  XEEInit   0x00e2e4    program     extern C:\Users\Jim\Desktop\websrvr65_v310\src\net\xeeprom.c
                XEEIsBusy   0x00e4c8    program     extern C:\Users\Jim\Desktop\websrvr65_v310\src\net\xeeprom.c
                  XEERead   0x00e442    program     extern C:\Users\Jim\Desktop\websrvr65_v310\src\net\xeeprom.c
             XEEReadArray   0x00e460    program     extern C:\Users\Jim\Desktop\websrvr65_v310\src\net\xeeprom.c
               XEESetAddr   0x00e2f6    program     extern C:\Users\Jim\Desktop\websrvr65_v310\src\net\xeeprom.c
                 XEEWrite   0x00e3f0    program     extern C:\Users\Jim\Desktop\websrvr65_v310\src\net\xeeprom.c
              _2jContinue   0x00e7fa    program     static C:\MCC18\src\traditional\stdclib\memset.asm
              _3jContinue   0x00e770    program     static C:\MCC18\src\traditional\stdclib\mcmpp2r.asm
                   _3jEnd   0x00e804    program     static C:\MCC18\src\traditional\stdclib\memset.asm
              _4jContinue   0x00e7b8    program     static C:\MCC18\src\traditional\stdclib\memcpy.asm
              _4jContinue   0x00e8fc    program     static C:\MCC18\src\traditional\stdclib\strncpy.asm
                   _4jEnd   0x00e77a    program     static C:\MCC18\src\traditional\stdclib\mcmpp2r.asm
                   _5jEnd   0x00e7c2    program     static C:\MCC18\src\traditional\stdclib\memcpy.asm
                   _5jEnd   0x00e906    program     static C:\MCC18\src\traditional\stdclib\strncpy.asm
        _D1KTCYXCODE_0010   0x00f414    program     static C:\MCC18\src\traditional\delays\d1ktcyx.asm
        _D1KTCYXCODE_0016   0x00f41a    program     static C:\MCC18\src\traditional\delays\d1ktcyx.asm
             _DHCPReceive   0x007f74    program     static C:\Users\Jim\Desktop\websrvr65_v310\src\net\dhcp.c
                _DHCPSend   0x00831c    program     static C:\Users\Jim\Desktop\websrvr65_v310\src\net\dhcp.c
           ___?:_lbl00082   0x003480    program     static                          
           ___?:_lbl00083   0x003476    program     static                          
           ___?:_lbl00241   0x0041aa    program     static                          
           ___?:_lbl00242   0x0041a8    program     static                          
       ___case_0_lbl00058   0x008f4c    program     static                          
     ___case_102_lbl00203   0x003e60    program     static                          
     ___case_107_lbl00221   0x003d58    program     static                          
     ___case_108_lbl00220   0x003d58    program     static                          
     ___case_110_lbl00193   0x003cce    program     static                          
     ___case_110_lbl00202   0x003e58    program     static                          
     ___case_114_lbl00204   0x003e68    program     static                          
     ___case_114_lbl00223   0x003f7a    program     static                          
     ___case_116_lbl00206   0x003e78    program     static                          
       ___case_1_lbl00059   0x008f52    program     static                          
       ___case_2_lbl00060   0x008f58    program     static                          
       ___case_3_lbl00061   0x008f5e    program     static                          
      ___case_97_lbl00185   0x003c9e    program     static                          
      ___case_98_lbl00183   0x003c6e    program     static                          
      ___case_98_lbl00205   0x003e70    program     static                          
           ___do_lbl00043   0x009ba0    program     static                          
           ___do_lbl00044   0x009ba4    program     static                          
           ___do_lbl00048   0x009b46    program     static                          
         ___else_lbl00017   0x00bb96    program     static                          
         ___else_lbl00085   0x0034e2    program     static                          
         ___else_lbl00088   0x00352a    program     static                          
         ___else_lbl00092   0x0034ec    program     static                          
         ___else_lbl00098   0x00364e    program     static                          
         ___else_lbl00105   0x003772    program     static                          
         ___else_lbl00110   0x0037a6    program     static                          
         ___else_lbl00112   0x003782    program     static                          
         ___else_lbl00114   0x00374a    program     static                          
         ___else_lbl00116   0x003736    program     static                          
         ___else_lbl00118   0x00371e    program     static                          
         ___else_lbl00120   0x003706    program     static                          
         ___else_lbl00122   0x0036ee    program     static                          
         ___else_lbl00124   0x0036da    program     static                          
         ___else_lbl00126   0x0036c6    program     static                          
         ___else_lbl00128   0x0036ae    program     static                          
         ___else_lbl00130   0x00365e    program     static                          
         ___else_lbl00132   0x00361a    program     static                          
         ___else_lbl00134   0x00360a    program     static                          
         ___else_lbl00136   0x0035fa    program     static                          
         ___else_lbl00138   0x0035d6    program     static                          
         ___else_lbl00149   0x00390c    program     static                          
         ___else_lbl00152   0x0039d4    program     static                          
         ___else_lbl00159   0x003afe    program     static                          
         ___else_lbl00170   0x003bf8    program     static                          
         ___else_lbl00173   0x003b54    program     static                          
         ___else_lbl00176   0x003a32    program     static                          
         ___else_lbl00178   0x00392a    program     static                          
         ___else_lbl00180   0x0038b0    program     static                          
         ___else_lbl00190   0x003d2a    program     static                          
         ___else_lbl00200   0x003de8    program     static                          
         ___else_lbl00210   0x003ea0    program     static                          
         ___else_lbl00212   0x003e26    program     static                          
         ___else_lbl00215   0x003ec8    program     static                          
         ___else_lbl00217   0x003dfe    program     static                          
         ___else_lbl00219   0x003f2e    program     static                          
         ___else_lbl00231   0x00411a    program     static                          
         ___else_lbl00236   0x0040d0    program     static                          
         ___else_lbl00238   0x00404a    program     static                          
         ___else_lbl00240   0x003ff4    program     static                          
         ___else_lbl00247   0x004200    program     static                          
         ___else_lbl00254   0x00428c    program     static                          
         ___else_lbl00257   0x00422a    program     static                          
         ___else_lbl00260   0x004186    program     static                          
         ___else_lbl00262   0x003f98    program     static                          
         ___else_lbl00264   0x003f48    program     static                          
         ___else_lbl00266   0x003c34    program     static                          
         ___else_lbl00268   0x0037ea    program     static                          
          ___for_lbl00186   0x003d42    program     static                          
          ___for_lbl00187   0x003d48    program     static                          
          ___for_lbl00191   0x003cec    program     static                          
           ___if_lbl00010   0x00af00    program     static                          
           ___if_lbl00014   0x00bb94    program     static                          
           ___if_lbl00015   0x00bb94    program     static                          
           ___if_lbl00016   0x00bb9c    program     static                          
           ___if_lbl00018   0x00bba4    program     static                          
           ___if_lbl00045   0x009b6c    program     static                          
           ___if_lbl00081   0x003450    program     static                          
           ___if_lbl00084   0x0034ea    program     static                          
           ___if_lbl00086   0x003528    program     static                          
           ___if_lbl00087   0x00353e    program     static                          
           ___if_lbl00089   0x003580    program     static                          
           ___if_lbl00090   0x0035b2    program     static                          
           ___if_lbl00091   0x0035b2    program     static                          
           ___if_lbl00094   0x0035f8    program     static                          
           ___if_lbl00096   0x00364c    program     static                          
           ___if_lbl00097   0x003652    program     static                          
           ___if_lbl00099   0x00365c    program     static                          
           ___if_lbl00100   0x003690    program     static                          
           ___if_lbl00101   0x0036a4    program     static                          
           ___if_lbl00102   0x0036a4    program     static                          
           ___if_lbl00103   0x003770    program     static                          
           ___if_lbl00104   0x003776    program     static                          
           ___if_lbl00106   0x003780    program     static                          
           ___if_lbl00108   0x0037bc    program     static                          
           ___if_lbl00109   0x0037bc    program     static                          
           ___if_lbl00111   0x0037bc    program     static                          
           ___if_lbl00113   0x0037bc    program     static                          
           ___if_lbl00115   0x0037bc    program     static                          
           ___if_lbl00117   0x0037bc    program     static                          
           ___if_lbl00119   0x0037bc    program     static                          
           ___if_lbl00121   0x0037bc    program     static                          
           ___if_lbl00123   0x0037bc    program     static                          
           ___if_lbl00125   0x0037bc    program     static                          
           ___if_lbl00127   0x0037bc    program     static                          
           ___if_lbl00129   0x0037bc    program     static                          
           ___if_lbl00131   0x0037bc    program     static                          
           ___if_lbl00133   0x0037bc    program     static                          
           ___if_lbl00135   0x0037bc    program     static                          
           ___if_lbl00137   0x0037bc    program     static                          
           ___if_lbl00140   0x0037e6    program     static                          
           ___if_lbl00143   0x003832    program     static                          
           ___if_lbl00145   0x003858    program     static                          
           ___if_lbl00146   0x0038ae    program     static                          
           ___if_lbl00147   0x003928    program     static                          
           ___if_lbl00148   0x003928    program     static                          
           ___if_lbl00150   0x003a00    program     static                          
           ___if_lbl00151   0x003a00    program     static                          
           ___if_lbl00153   0x003a30    program     static                          
           ___if_lbl00154   0x003a30    program     static                          
           ___if_lbl00157   0x003b22    program     static                          
           ___if_lbl00158   0x003b22    program     static                          
           ___if_lbl00160   0x003b52    program     static                          
           ___if_lbl00163   0x003bb6    program     static                          
           ___if_lbl00168   0x003c32    program     static                          
           ___if_lbl00169   0x003c32    program     static                          
           ___if_lbl00171   0x003c32    program     static                          
           ___if_lbl00172   0x003c32    program     static                          
           ___if_lbl00174   0x003c32    program     static                          
           ___if_lbl00175   0x003c32    program     static                          
           ___if_lbl00177   0x003c32    program     static                          
           ___if_lbl00179   0x003c32    program     static                          
           ___if_lbl00182   0x003c9c    program     static                          
           ___if_lbl00184   0x003ccc    program     static                          
           ___if_lbl00188   0x003d0e    program     static                          
           ___if_lbl00189   0x003d3e    program     static                          
           ___if_lbl00192   0x003d56    program     static                          
           ___if_lbl00195   0x003dae    program     static                          
           ___if_lbl00198   0x003dd4    program     static                          
           ___if_lbl00199   0x003dfc    program     static                          
           ___if_lbl00207   0x003e9a    program     static                          
           ___if_lbl00208   0x003ec6    program     static                          
           ___if_lbl00209   0x003ec6    program     static                          
           ___if_lbl00211   0x003ec6    program     static                          
           ___if_lbl00213   0x003ef4    program     static                          
           ___if_lbl00214   0x003ef4    program     static                          
           ___if_lbl00216   0x003ef4    program     static                          
           ___if_lbl00218   0x003f44    program     static                          
           ___if_lbl00224   0x003f96    program     static                          
           ___if_lbl00225   0x004048    program     static                          
           ___if_lbl00227   0x004118    program     static                          
           ___if_lbl00228   0x00413e    program     static                          
           ___if_lbl00229   0x004142    program     static                          
           ___if_lbl00230   0x004142    program     static                          
           ___if_lbl00232   0x004160    program     static                          
           ___if_lbl00233   0x004184    program     static                          
           ___if_lbl00234   0x004184    program     static                          
           ___if_lbl00235   0x004184    program     static                          
           ___if_lbl00237   0x004184    program     static                          
           ___if_lbl00239   0x004184    program     static                          
           ___if_lbl00245   0x004228    program     static                          
           ___if_lbl00246   0x004228    program     static                          
           ___if_lbl00252   0x0042b4    program     static                          
           ___if_lbl00253   0x0042b4    program     static                          
           ___if_lbl00255   0x0042b4    program     static                          
           ___if_lbl00256   0x0042b4    program     static                          
           ___if_lbl00258   0x0042b4    program     static                          
           ___if_lbl00259   0x0042b4    program     static                          
           ___if_lbl00261   0x0042b4    program     static                          
           ___if_lbl00263   0x0042b4    program     static                          
           ___if_lbl00265   0x0042b4    program     static                          
           ___if_lbl00267   0x0042b4    program     static                          
       ___return_lbl00000   0x00f3e0    program     static                          
       ___return_lbl00000   0x000804    program     static                          
       ___return_lbl00001   0x00f476    program     static                          
       ___return_lbl00002   0x00f28a    program     static                          
       ___return_lbl00007   0x00af24    program     static                          
       ___return_lbl00011   0x00080c    program     static                          
       ___return_lbl00012   0x00bba4    program     static                          
       ___return_lbl00040   0x009bac    program     static                          
       ___return_lbl00056   0x008f62    program     static                          
       ___return_lbl00079   0x0042be    program     static                          
   ___switchexit_lbl00057   0x008f62    program     static                          
   ___switchexit_lbl00181   0x003f46    program     static                          
   ___switchexit_lbl00201   0x003e80    program     static                          
   ___switchexit_lbl00222   0x003f96    program     static                          
        ___while_lbl00008   0x00aee6    program     static                          
        ___while_lbl00009   0x00aef0    program     static                          
        ___while_lbl00011   0x00af16    program     static                          
        ___while_lbl00012   0x00af20    program     static                          
        ___while_lbl00041   0x009b36    program     static                          
        ___while_lbl00042   0x009b40    program     static                          
        ___while_lbl00046   0x009b96    program     static                          
        ___while_lbl00047   0x009ba0    program     static                          
        ___while_lbl00164   0x003bd8    program     static                          
        ___while_lbl00165   0x003be4    program     static                          
        ___while_lbl00166   0x003c18    program     static                          
        ___while_lbl00167   0x003c24    program     static                          
        ___while_lbl00196   0x003dae    program     static                          
        ___while_lbl00197   0x003ef6    program     static                          
               __config_0   0x300001    program     static C:\Users\Jim\Desktop\websrvr65_v310\src\mxwebsrvr.c
               __config_1   0x300002    program     static C:\Users\Jim\Desktop\websrvr65_v310\src\mxwebsrvr.c
              __config_10   0x30000d    program     static C:\Users\Jim\Desktop\websrvr65_v310\src\mxwebsrvr.c
               __config_2   0x300003    program     static C:\Users\Jim\Desktop\websrvr65_v310\src\mxwebsrvr.c
               __config_3   0x300005    program     static C:\Users\Jim\Desktop\websrvr65_v310\src\mxwebsrvr.c
               __config_4   0x300006    program     static C:\Users\Jim\Desktop\websrvr65_v310\src\mxwebsrvr.c
               __config_5   0x300008    program     static C:\Users\Jim\Desktop\websrvr65_v310\src\mxwebsrvr.c
               __config_6   0x300009    program     static C:\Users\Jim\Desktop\websrvr65_v310\src\mxwebsrvr.c
               __config_7   0x30000a    program     static C:\Users\Jim\Desktop\websrvr65_v310\src\mxwebsrvr.c
               __config_8   0x30000b    program     static C:\Users\Jim\Desktop\websrvr65_v310\src\mxwebsrvr.c
               __config_9   0x30000c    program     static C:\Users\Jim\Desktop\websrvr65_v310\src\mxwebsrvr.c
               __string_0   0x00d70d    program     static C:\Users\Jim\Desktop\websrvr65_v310\src\event.c
               __string_0   0x00d6f8    program     static C:\Users\Jim\Desktop\websrvr65_v310\src\net\ftp.c
               __string_1   0x00d706    program     static C:\Users\Jim\Desktop\websrvr65_v310\src\event.c
               __string_1   0x00d6f3    program     static C:\Users\Jim\Desktop\websrvr65_v310\src\net\ftp.c
              __string_10   0x00d69c    program     static C:\Users\Jim\Desktop\websrvr65_v310\src\net\ftp.c
              __string_10   0x00d50f    program     static C:\Users\Jim\Desktop\websrvr65_v310\src\sercfg.c
              __string_11   0x00d695    program     static C:\Users\Jim\Desktop\websrvr65_v310\src\net\ftp.c
              __string_11   0x00d4f2    program     static C:\Users\Jim\Desktop\websrvr65_v310\src\sercfg.c
              __string_12   0x00d67f    program     static C:\Users\Jim\Desktop\websrvr65_v310\src\net\ftp.c
              __string_13   0x00d66a    program     static C:\Users\Jim\Desktop\websrvr65_v310\src\net\ftp.c
              __string_14   0x00d64f    program     static C:\Users\Jim\Desktop\websrvr65_v310\src\net\ftp.c
              __string_15   0x00d4e7    program     static C:\Users\Jim\Desktop\websrvr65_v310\src\net\http.c
              __string_15   0x00d644    program     static C:\Users\Jim\Desktop\websrvr65_v310\src\net\ftp.c
              __string_16   0x00d62c    program     static C:\Users\Jim\Desktop\websrvr65_v310\src\net\ftp.c
              __string_16   0x00d4dd    program     static C:\Users\Jim\Desktop\websrvr65_v310\src\net\http.c
              __string_17   0x00d5f5    program     static C:\Users\Jim\Desktop\websrvr65_v310\src\net\ftp.c
              __string_17   0x00d4c9    program     static C:\Users\Jim\Desktop\websrvr65_v310\src\net\http.c
              __string_18   0x00d5ec    program     static C:\Users\Jim\Desktop\websrvr65_v310\src\net\ftp.c
              __string_18   0x00d4c0    program     static C:\Users\Jim\Desktop\websrvr65_v310\src\net\http.c
              __string_19   0x00d4b0    program     static C:\Users\Jim\Desktop\websrvr65_v310\src\net\http.c
               __string_2   0x00d6ee    program     static C:\Users\Jim\Desktop\websrvr65_v310\src\net\ftp.c
              __string_20   0x00d4a6    program     static C:\Users\Jim\Desktop\websrvr65_v310\src\net\http.c
              __string_21   0x00d49b    program     static C:\Users\Jim\Desktop\websrvr65_v310\src\net\http.c
              __string_22   0x00d482    program     static C:\Users\Jim\Desktop\websrvr65_v310\src\net\http.c
              __string_23   0x00d475    program     static C:\Users\Jim\Desktop\websrvr65_v310\src\net\http.c
              __string_24   0x00d44e    program     static C:\Users\Jim\Desktop\websrvr65_v310\src\net\http.c
              __string_25   0x00d427    program     static C:\Users\Jim\Desktop\websrvr65_v310\src\net\http.c
              __string_26   0x00d3c6    program     static C:\Users\Jim\Desktop\websrvr65_v310\src\net\http.c
               __string_3   0x00d6e9    program     static C:\Users\Jim\Desktop\websrvr65_v310\src\net\ftp.c
              __string_35   0x00d398    program     static C:\Users\Jim\Desktop\websrvr65_v310\src\net\http.c
               __string_4   0x00d6e4    program     static C:\Users\Jim\Desktop\websrvr65_v310\src\net\ftp.c
               __string_4   0x00d5da    program     static C:\Users\Jim\Desktop\websrvr65_v310\src\sercfg.c
               __string_5   0x00d6df    program     static C:\Users\Jim\Desktop\websrvr65_v310\src\net\ftp.c
               __string_5   0x00d5c3    program     static C:\Users\Jim\Desktop\websrvr65_v310\src\sercfg.c
               __string_6   0x00d6da    program     static C:\Users\Jim\Desktop\websrvr65_v310\src\net\ftp.c
               __string_6   0x00d5a7    program     static C:\Users\Jim\Desktop\websrvr65_v310\src\sercfg.c
               __string_7   0x00d58f    program     static C:\Users\Jim\Desktop\websrvr65_v310\src\sercfg.c
               __string_7   0x00d703    program     static C:\Users\Jim\Desktop\websrvr65_v310\src\cmd.c
               __string_7   0x00d6ce    program     static C:\Users\Jim\Desktop\websrvr65_v310\src\net\ftp.c
               __string_8   0x00d6fd    program     static C:\Users\Jim\Desktop\websrvr65_v310\src\cmd.c
               __string_8   0x00d6b6    program     static C:\Users\Jim\Desktop\websrvr65_v310\src\net\ftp.c
               __string_8   0x00d56f    program     static C:\Users\Jim\Desktop\websrvr65_v310\src\sercfg.c
               __string_9   0x00d6a6    program     static C:\Users\Jim\Desktop\websrvr65_v310\src\net\ftp.c
               __string_9   0x00d54e    program     static C:\Users\Jim\Desktop\websrvr65_v310\src\sercfg.c
              __tmplbl_10   0x0035cc    program     static                          
              __tmplbl_11   0x0035c0    program     static                          
              __tmplbl_12   0x003640    program     static                          
              __tmplbl_13   0x003634    program     static                          
              __tmplbl_14   0x00379c    program     static                          
              __tmplbl_15   0x00378e    program     static                          
              __tmplbl_16   0x0037d6    program     static                          
              __tmplbl_17   0x0037c2    program     static                          
              __tmplbl_18   0x00380e    program     static                          
              __tmplbl_19   0x0037fe    program     static                          
              __tmplbl_20   0x00382a    program     static                          
              __tmplbl_21   0x00381c    program     static                          
              __tmplbl_22   0x003850    program     static                          
              __tmplbl_23   0x003842    program     static                          
              __tmplbl_24   0x003a62    program     static                          
              __tmplbl_25   0x003a4c    program     static                          
              __tmplbl_26   0x003a9e    program     static                          
              __tmplbl_27   0x003a8a    program     static                          
              __tmplbl_28   0x003b7c    program     static                          
              __tmplbl_29   0x003b68    program     static                          
              __tmplbl_30   0x003bb2    program     static                          
              __tmplbl_31   0x003baa    program     static                          
              __tmplbl_32   0x003d98    program     static                          
              __tmplbl_33   0x003d84    program     static                          
              __tmplbl_34   0x003fe4    program     static                          
              __tmplbl_35   0x003fe0    program     static                          
              __tmplbl_36   0x00403a    program     static                          
              __tmplbl_37   0x004036    program     static                          
              __tmplbl_38   0x004076    program     static                          
              __tmplbl_39   0x004062    program     static                          
              __tmplbl_40   0x0040a6    program     static                          
              __tmplbl_41   0x0040a2    program     static                          
              __tmplbl_42   0x004218    program     static                          
              __tmplbl_43   0x004210    program     static                          
              __tmplbl_44   0x004208    program     static                          
              __tmplbl_45   0x00427a    program     static                          
              __tmplbl_46   0x004272    program     static                          
              __tmplbl_47   0x00426a    program     static                          
              __tmplbl_48   0x0042a4    program     static                          
              __tmplbl_49   0x00429c    program     static                          
              __tmplbl_50   0x004294    program     static                          
              __tmplbl_53   0x00599c    program     static                          
              __tmplbl_54   0x005934    program     static                          
              __tmplbl_55   0x005888    program     static                          
              __tmplbl_56   0x005888    program     static                          
              __tmplbl_57   0x00591c    program     static                          
              __tmplbl_65   0x002e8e    program     static                          
              __tmplbl_67   0x004fa2    program     static                          
              __tmplbl_68   0x004fa2    program     static                          
              __tmplbl_69   0x004fa2    program     static                          
              __tmplbl_70   0x004fa2    program     static                          
               __tmplbl_8   0x003416    program     static                          
               __tmplbl_8   0x00bb90    program     static                          
               __tmplbl_9   0x00bb8a    program     static                          
               __tmplbl_9   0x003406    program     static                          
            __zero_memory   0x00f424    program     extern C:\MCC18\src\traditional\proc\p18F6627.asm
              _appcfgPutc   0x00aed4    program     extern C:\Users\Jim\Desktop\websrvr65_v310\src\appcfg.c
                _do_cinit   0x00f1ee    program     extern C:\mcc18v302\src\traditional\startup\c018i_x800.c
                   _entry   0x000800    program     extern C:\mcc18v302\src\traditional\startup\c018i_x800.c
                 _startup   0x00f460    program     extern C:\mcc18v302\src\traditional\startup\c018i_x800.c
                appcfgADC   0x00b184    program     extern C:\Users\Jim\Desktop\websrvr65_v310\src\appcfg.c
              appcfgCpuIO   0x00b090    program     extern C:\Users\Jim\Desktop\websrvr65_v310\src\appcfg.c
        appcfgCpuIOValues   0x00b12e    program     extern C:\Users\Jim\Desktop\websrvr65_v310\src\appcfg.c
               appcfgGetc   0x00aeb2    program     extern C:\Users\Jim\Desktop\websrvr65_v310\src\appcfg.c
               appcfgInit   0x00ae76    program     extern C:\Users\Jim\Desktop\websrvr65_v310\src\appcfg.c
                appcfgPWM   0x00b3bc    program     extern C:\Users\Jim\Desktop\websrvr65_v310\src\appcfg.c
               appcfgSave   0x00af26    program     extern C:\Users\Jim\Desktop\websrvr65_v310\src\appcfg.c
              appcfgUSART   0x00af28    program     extern C:\Users\Jim\Desktop\websrvr65_v310\src\appcfg.c
             appcfgUSART2   0x00afdc    program     extern C:\Users\Jim\Desktop\websrvr65_v310\src\appcfg.c
             appcfgXboard   0x00b4d0    program     extern C:\Users\Jim\Desktop\websrvr65_v310\src\appcfg.c
                     atoi   0x00e528    program     extern C:\MCC18\src\traditional\stdclib\atoi.asm
             base64Decode   0x009ce6    program     extern C:\Users\Jim\Desktop\websrvr65_v310\src\net\helpers.c
             base64EncStr   0x00f30c    program     static C:\Users\Jim\Desktop\websrvr65_v310\src\net\helpers.c
             base64Encode   0x009ce8    program     extern C:\Users\Jim\Desktop\websrvr65_v310\src\net\helpers.c
             btohexa_high   0x009828    program     extern C:\Users\Jim\Desktop\websrvr65_v310\src\net\helpers.c
              btohexa_low   0x00980e    program     extern C:\Users\Jim\Desktop\websrvr65_v310\src\net\helpers.c
              busInfoInit   0x008586    program     extern C:\Users\Jim\Desktop\websrvr65_v310\src\buses.c
                  busInit   0x008562    program     extern C:\Users\Jim\Desktop\websrvr65_v310\src\buses.c
               busNetInit   0x0087a6    program     extern C:\Users\Jim\Desktop\websrvr65_v310\src\buses.c
               busService   0x008f36    program     extern C:\Users\Jim\Desktop\websrvr65_v310\src\buses.c
                  busTask   0x008952    program     extern C:\Users\Jim\Desktop\websrvr65_v310\src\buses.c
                   chkLCD   0x00d98c    program     extern C:\Users\Jim\Desktop\websrvr65_v310\src\event.c
                chkXboard   0x00da4e    program     extern C:\Users\Jim\Desktop\websrvr65_v310\src\event.c
         cmdGetByteHexVar   0x004c2a    program     static C:\Users\Jim\Desktop\websrvr65_v310\src\cmd.c
    cmdGetEepromStringVar   0x004be8    program     static C:\Users\Jim\Desktop\websrvr65_v310\src\cmd.c
       cmdGetROMStringVar   0x004b92    program     static C:\Users\Jim\Desktop\websrvr65_v310\src\cmd.c
                cmdGetTag   0x0042c0    program     extern C:\Users\Jim\Desktop\websrvr65_v310\src\cmd.c
         cmdGetWordHexVar   0x004c6e    program     static C:\Users\Jim\Desktop\websrvr65_v310\src\cmd.c
            cmdGetWordVar   0x004cd0    program     static C:\Users\Jim\Desktop\websrvr65_v310\src\cmd.c
                  cmdInit   0x002f5c    program     extern C:\Users\Jim\Desktop\websrvr65_v310\src\cmd.c
                  cmdTask   0x002fe0    program     extern C:\Users\Jim\Desktop\websrvr65_v310\src\cmd.c
                compare_l   0x00f43a    program     static C:\MCC18\src\traditional\proc\p18F6627.asm
                copy_loop   0x00f260    program     static                          
            copy_one_byte   0x00f266    program     static                          
                     done   0x00f28a    program     static                          
             done_copying   0x00f274    program     static                          
         eeBusConfigArray   0xf00100    program     extern C:\Users\Jim\Desktop\websrvr65_v310\src\appcfg.c
            eeConfigArray   0xf00000    program     extern C:\Users\Jim\Desktop\websrvr65_v310\src\appcfg.c
        eeconfigArrayFill   0xf00091    program     extern C:\Users\Jim\Desktop\websrvr65_v310\src\appcfg.c
                  endloop   0x00f3dc    program     static                          
                  evtInit   0x00d714    program     extern C:\Users\Jim\Desktop\websrvr65_v310\src\event.c
                  evtTask   0x00d79e    program     extern C:\Users\Jim\Desktop\websrvr65_v310\src\event.c
         execNameValueCmd   0x0033f2    program     extern C:\Users\Jim\Desktop\websrvr65_v310\src\cmd.c
          fastUserProcess   0x00bb72    program     extern C:\Users\Jim\Desktop\websrvr65_v310\src\mxwebsrvr.c
                fseeClose   0x00a2c6    program     extern C:\Users\Jim\Desktop\websrvr65_v310\src\net\fsee.c
[...]
                    TRISB   0x000f93       data     extern C:\MCC18\src\traditional\proc\p18F6627.asm
                TRISBbits   0x000f93       data     extern C:\MCC18\src\traditional\proc\p18F6627.asm
                    TRISC   0x000f94       data     extern C:\MCC18\src\traditional\proc\p18F6627.asm
                 DDRCbits   0x000f94       data     extern C:\MCC18\src\traditional\proc\p18F6627.asm
                     DDRC   0x000f94       data     extern C:\MCC18\src\traditional\proc\p18F6627.asm
                TRISCbits   0x000f94       data     extern C:\MCC18\src\traditional\proc\p18F6627.asm
                TRISDbits   0x000f95       data     extern C:\MCC18\src\traditional\proc\p18F6627.asm
                    TRISD   0x000f95       data     extern C:\MCC18\src\traditional\proc\p18F6627.asm
                 DDRDbits   0x000f95       data     extern C:\MCC18\src\traditional\proc\p18F6627.asm
                     DDRD   0x000f95       data     extern C:\MCC18\src\traditional\proc\p18F6627.asm
                    TRISE   0x000f96       data     extern C:\MCC18\src\traditional\proc\p18F6627.asm
                TRISEbits   0x000f96       data     extern C:\MCC18\src\traditional\proc\p18F6627.asm
                     DDRE   0x000f96       data     extern C:\MCC18\src\traditional\proc\p18F6627.asm
                 DDREbits   0x000f96       data     extern C:\MCC18\src\traditional\proc\p18F6627.asm
                     DDRF   0x000f97       data     extern C:\MCC18\src\traditional\proc\p18F6627.asm
                    TRISF   0x000f97       data     extern C:\MCC18\src\traditional\proc\p18F6627.asm
                 DDRFbits   0x000f97       data     extern C:\MCC18\src\traditional\proc\p18F6627.asm
                TRISFbits   0x000f97       data     extern C:\MCC18\src\traditional\proc\p18F6627.asm
                 DDRGbits   0x000f98       data     extern C:\MCC18\src\traditional\proc\p18F6627.asm
                TRISGbits   0x000f98       data     extern C:\MCC18\src\traditional\proc\p18F6627.asm
                    TRISG   0x000f98       data     extern C:\MCC18\src\traditional\proc\p18F6627.asm
                     DDRG   0x000f98       data     extern C:\MCC18\src\traditional\proc\p18F6627.asm
              OSCTUNEbits   0x000f9b       data     extern C:\MCC18\src\traditional\proc\p18F6627.asm
                  OSCTUNE   0x000f9b       data     extern C:\MCC18\src\traditional\proc\p18F6627.asm
                 PIE1bits   0x000f9d       data     extern C:\MCC18\src\traditional\proc\p18F6627.asm
                     PIE1   0x000f9d       data     extern C:\MCC18\src\traditional\proc\p18F6627.asm
                     PIR1   0x000f9e       data     extern C:\MCC18\src\traditional\proc\p18F6627.asm
                 PIR1bits   0x000f9e       data     extern C:\MCC18\src\traditional\proc\p18F6627.asm
                 IPR1bits   0x000f9f       data     extern C:\MCC18\src\traditional\proc\p18F6627.asm
                     IPR1   0x000f9f       data     extern C:\MCC18\src\traditional\proc\p18F6627.asm
                 PIE2bits   0x000fa0       data     extern C:\MCC18\src\traditional\proc\p18F6627.asm
                     PIE2   0x000fa0       data     extern C:\MCC18\src\traditional\proc\p18F6627.asm
                 PIR2bits   0x000fa1       data     extern C:\MCC18\src\traditional\proc\p18F6627.asm
                     PIR2   0x000fa1       data     extern C:\MCC18\src\traditional\proc\p18F6627.asm
                 IPR2bits   0x000fa2       data     extern C:\MCC18\src\traditional\proc\p18F6627.asm
                     IPR2   0x000fa2       data     extern C:\MCC18\src\traditional\proc\p18F6627.asm
                 PIE3bits   0x000fa3       data     extern C:\MCC18\src\traditional\proc\p18F6627.asm
                     PIE3   0x000fa3       data     extern C:\MCC18\src\traditional\proc\p18F6627.asm
                 PIR3bits   0x000fa4       data     extern C:\MCC18\src\traditional\proc\p18F6627.asm
                     PIR3   0x000fa4       data     extern C:\MCC18\src\traditional\proc\p18F6627.asm
                     IPR3   0x000fa5       data     extern C:\MCC18\src\traditional\proc\p18F6627.asm
                 IPR3bits   0x000fa5       data     extern C:\MCC18\src\traditional\proc\p18F6627.asm
                   EECON1   0x000fa6       data     extern C:\MCC18\src\traditional\proc\p18F6627.asm
               EECON1bits   0x000fa6       data     extern C:\MCC18\src\traditional\proc\p18F6627.asm
                   EECON2   0x000fa7       data     extern C:\MCC18\src\traditional\proc\p18F6627.asm
                   EEDATA   0x000fa8       data     extern C:\MCC18\src\traditional\proc\p18F6627.asm
                    EEADR   0x000fa9       data     extern C:\MCC18\src\traditional\proc\p18F6627.asm
                   EEADRH   0x000faa       data     extern C:\MCC18\src\traditional\proc\p18F6627.asm
                RCSTAbits   0x000fab       data     extern C:\MCC18\src\traditional\proc\p18F6627.asm
               RCSTA1bits   0x000fab       data     extern C:\MCC18\src\traditional\proc\p18F6627.asm
                   RCSTA1   0x000fab       data     extern C:\MCC18\src\traditional\proc\p18F6627.asm
                    RCSTA   0x000fab       data     extern C:\MCC18\src\traditional\proc\p18F6627.asm
                    TXSTA   0x000fac       data     extern C:\MCC18\src\traditional\proc\p18F6627.asm
                   TXSTA1   0x000fac       data     extern C:\MCC18\src\traditional\proc\p18F6627.asm
                TXSTAbits   0x000fac       data     extern C:\MCC18\src\traditional\proc\p18F6627.asm
               TXSTA1bits   0x000fac       data     extern C:\MCC18\src\traditional\proc\p18F6627.asm
                    TXREG   0x000fad       data     extern C:\MCC18\src\traditional\proc\p18F6627.asm
                   TXREG1   0x000fad       data     extern C:\MCC18\src\traditional\proc\p18F6627.asm
                    RCREG   0x000fae       data     extern C:\MCC18\src\traditional\proc\p18F6627.asm
                   RCREG1   0x000fae       data     extern C:\MCC18\src\traditional\proc\p18F6627.asm
                    SPBRG   0x000faf       data     extern C:\MCC18\src\traditional\proc\p18F6627.asm
                   SPBRG1   0x000faf       data     extern C:\MCC18\src\traditional\proc\p18F6627.asm
               PSPCONbits   0x000fb0       data     extern C:\MCC18\src\traditional\proc\p18F6627.asm
                   PSPCON   0x000fb0       data     extern C:\MCC18\src\traditional\proc\p18F6627.asm
                T3CONbits   0x000fb1       data     extern C:\MCC18\src\traditional\proc\p18F6627.asm
                    T3CON   0x000fb1       data     extern C:\MCC18\src\traditional\proc\p18F6627.asm
                    TMR3L   0x000fb2       data     extern C:\MCC18\src\traditional\proc\p18F6627.asm
                    TMR3H   0x000fb3       data     extern C:\MCC18\src\traditional\proc\p18F6627.asm
                    CMCON   0x000fb4       data     extern C:\MCC18\src\traditional\proc\p18F6627.asm
                CMCONbits   0x000fb4       data     extern C:\MCC18\src\traditional\proc\p18F6627.asm
                   CVRCON   0x000fb5       data     extern C:\MCC18\src\traditional\proc\p18F6627.asm
               CVRCONbits   0x000fb5       data     extern C:\MCC18\src\traditional\proc\p18F6627.asm
              ECCP1ASbits   0x000fb6       data     extern C:\MCC18\src\traditional\proc\p18F6627.asm
                  ECCP1AS   0x000fb6       data     extern C:\MCC18\src\traditional\proc\p18F6627.asm
              CCP3CONbits   0x000fb7       data     extern C:\MCC18\src\traditional\proc\p18F6627.asm
                  CCP3CON   0x000fb7       data     extern C:\MCC18\src\traditional\proc\p18F6627.asm
             ECCP3CONbits   0x000fb7       data     extern C:\MCC18\src\traditional\proc\p18F6627.asm
                 ECCP3CON   0x000fb7       data     extern C:\MCC18\src\traditional\proc\p18F6627.asm
                   CCPR3L   0x000fb8       data     extern C:\MCC18\src\traditional\proc\p18F6627.asm
                    CCPR3   0x000fb8       data     extern C:\MCC18\src\traditional\proc\p18F6627.asm
                   CCPR3H   0x000fb9       data     extern C:\MCC18\src\traditional\proc\p18F6627.asm
             ECCP2CONbits   0x000fba       data     extern C:\MCC18\src\traditional\proc\p18F6627.asm
                 ECCP2CON   0x000fba       data     extern C:\MCC18\src\traditional\proc\p18F6627.asm
                  CCP2CON   0x000fba       data     extern C:\MCC18\src\traditional\proc\p18F6627.asm
              CCP2CONbits   0x000fba       data     extern C:\MCC18\src\traditional\proc\p18F6627.asm
                    CCPR2   0x000fbb       data     extern C:\MCC18\src\traditional\proc\p18F6627.asm
                   CCPR2L   0x000fbb       data     extern C:\MCC18\src\traditional\proc\p18F6627.asm
                   CCPR2H   0x000fbc       data     extern C:\MCC18\src\traditional\proc\p18F6627.asm
                  CCP1CON   0x000fbd       data     extern C:\MCC18\src\traditional\proc\p18F6627.asm
                 ECCP1CON   0x000fbd       data     extern C:\MCC18\src\traditional\proc\p18F6627.asm
             ECCP1CONbits   0x000fbd       data     extern C:\MCC18\src\traditional\proc\p18F6627.asm
              CCP1CONbits   0x000fbd       data     extern C:\MCC18\src\traditional\proc\p18F6627.asm
                    CCPR1   0x000fbe       data     extern C:\MCC18\src\traditional\proc\p18F6627.asm
                   CCPR1L   0x000fbe       data     extern C:\MCC18\src\traditional\proc\p18F6627.asm
                   CCPR1H   0x000fbf       data     extern C:\MCC18\src\traditional\proc\p18F6627.asm
                   ADCON2   0x000fc0       data     extern C:\MCC18\src\traditional\proc\p18F6627.asm
               ADCON2bits   0x000fc0       data     extern C:\MCC18\src\traditional\proc\p18F6627.asm
               ADCON1bits   0x000fc1       data     extern C:\MCC18\src\traditional\proc\p18F6627.asm
                   ADCON1   0x000fc1       data     extern C:\MCC18\src\traditional\proc\p18F6627.asm
               ADCON0bits   0x000fc2       data     extern C:\MCC18\src\traditional\proc\p18F6627.asm
                   ADCON0   0x000fc2       data     extern C:\MCC18\src\traditional\proc\p18F6627.asm
                   ADRESL   0x000fc3       data     extern C:\MCC18\src\traditional\proc\p18F6627.asm
                    ADRES   0x000fc3       data     extern C:\MCC18\src\traditional\proc\p18F6627.asm
                   ADRESH   0x000fc4       data     extern C:\MCC18\src\traditional\proc\p18F6627.asm
             SSP1CON2bits   0x000fc5       data     extern C:\MCC18\src\traditional\proc\p18F6627.asm
                 SSP1CON2   0x000fc5       data     extern C:\MCC18\src\traditional\proc\p18F6627.asm
                  SSPCON2   0x000fc5       data     extern C:\MCC18\src\traditional\proc\p18F6627.asm
              SSPCON2bits   0x000fc5       data     extern C:\MCC18\src\traditional\proc\p18F6627.asm
                 SSP1CON1   0x000fc6       data     extern C:\MCC18\src\traditional\proc\p18F6627.asm
             SSP1CON1bits   0x000fc6       data     extern C:\MCC18\src\traditional\proc\p18F6627.asm
              SSPCON1bits   0x000fc6       data     extern C:\MCC18\src\traditional\proc\p18F6627.asm
                  SSPCON1   0x000fc6       data     extern C:\MCC18\src\traditional\proc\p18F6627.asm
             SSP1STATbits   0x000fc7       data     extern C:\MCC18\src\traditional\proc\p18F6627.asm
              SSPSTATbits   0x000fc7       data     extern C:\MCC18\src\traditional\proc\p18F6627.asm
                  SSPSTAT   0x000fc7       data     extern C:\MCC18\src\traditional\proc\p18F6627.asm
                 SSP1STAT   0x000fc7       data     extern C:\MCC18\src\traditional\proc\p18F6627.asm
                   SSPADD   0x000fc8       data     extern C:\MCC18\src\traditional\proc\p18F6627.asm
                  SSP1ADD   0x000fc8       data     extern C:\MCC18\src\traditional\proc\p18F6627.asm
                   SSPBUF   0x000fc9       data     extern C:\MCC18\src\traditional\proc\p18F6627.asm
                  SSP1BUF   0x000fc9       data     extern C:\MCC18\src\traditional\proc\p18F6627.asm
                    T2CON   0x000fca       data     extern C:\MCC18\src\traditional\proc\p18F6627.asm
                T2CONbits   0x000fca       data     extern C:\MCC18\src\traditional\proc\p18F6627.asm
                      PR2   0x000fcb       data     extern C:\MCC18\src\traditional\proc\p18F6627.asm
                     TMR2   0x000fcc       data     extern C:\MCC18\src\traditional\proc\p18F6627.asm
                    T1CON   0x000fcd       data     extern C:\MCC18\src\traditional\proc\p18F6627.asm
                T1CONbits   0x000fcd       data     extern C:\MCC18\src\traditional\proc\p18F6627.asm
                    TMR1L   0x000fce       data     extern C:\MCC18\src\traditional\proc\p18F6627.asm
                    TMR1H   0x000fcf       data     extern C:\MCC18\src\traditional\proc\p18F6627.asm
                     RCON   0x000fd0       data     extern C:\MCC18\src\traditional\proc\p18F6627.asm
                 RCONbits   0x000fd0       data     extern C:\MCC18\src\traditional\proc\p18F6627.asm
                   WDTCON   0x000fd1       data     extern C:\MCC18\src\traditional\proc\p18F6627.asm
               WDTCONbits   0x000fd1       data     extern C:\MCC18\src\traditional\proc\p18F6627.asm
                  HLVDCON   0x000fd2       data     extern C:\MCC18\src\traditional\proc\p18F6627.asm
              HLVDCONbits   0x000fd2       data     extern C:\MCC18\src\traditional\proc\p18F6627.asm
               LVDCONbits   0x000fd2       data     extern C:\MCC18\src\traditional\proc\p18F6627.asm
                   LVDCON   0x000fd2       data     extern C:\MCC18\src\traditional\proc\p18F6627.asm
               OSCCONbits   0x000fd3       data     extern C:\MCC18\src\traditional\proc\p18F6627.asm
                   OSCCON   0x000fd3       data     extern C:\MCC18\src\traditional\proc\p18F6627.asm
                    T0CON   0x000fd5       data     extern C:\MCC18\src\traditional\proc\p18F6627.asm
                T0CONbits   0x000fd5       data     extern C:\MCC18\src\traditional\proc\p18F6627.asm
                    TMR0L   0x000fd6       data     extern C:\MCC18\src\traditional\proc\p18F6627.asm
                    TMR0H   0x000fd7       data     extern C:\MCC18\src\traditional\proc\p18F6627.asm
               STATUSbits   0x000fd8       data     extern C:\MCC18\src\traditional\proc\p18F6627.asm
                   STATUS   0x000fd8       data     extern C:\MCC18\src\traditional\proc\p18F6627.asm
                     FSR2   0x000fd9       data     extern C:\MCC18\src\traditional\proc\p18F6627.asm
                    FSR2L   0x000fd9       data     extern C:\MCC18\src\traditional\proc\p18F6627.asm
                    FSR2H   0x000fda       data     extern C:\MCC18\src\traditional\proc\p18F6627.asm
                   PLUSW2   0x000fdb       data     extern C:\MCC18\src\traditional\proc\p18F6627.asm
                  PREINC2   0x000fdc       data     extern C:\MCC18\src\traditional\proc\p18F6627.asm
                 POSTDEC2   0x000fdd       data     extern C:\MCC18\src\traditional\proc\p18F6627.asm
                 POSTINC2   0x000fde       data     extern C:\MCC18\src\traditional\proc\p18F6627.asm
                    INDF2   0x000fdf       data     extern C:\MCC18\src\traditional\proc\p18F6627.asm
                      BSR   0x000fe0       data     extern C:\MCC18\src\traditional\proc\p18F6627.asm
                    FSR1L   0x000fe1       data     extern C:\MCC18\src\traditional\proc\p18F6627.asm
                     FSR1   0x000fe1       data     extern C:\MCC18\src\traditional\proc\p18F6627.asm
                    FSR1H   0x000fe2       data     extern C:\MCC18\src\traditional\proc\p18F6627.asm
                   PLUSW1   0x000fe3       data     extern C:\MCC18\src\traditional\proc\p18F6627.asm
                  PREINC1   0x000fe4       data     extern C:\MCC18\src\traditional\proc\p18F6627.asm
                 POSTDEC1   0x000fe5       data     extern C:\MCC18\src\traditional\proc\p18F6627.asm
                 POSTINC1   0x000fe6       data     extern C:\MCC18\src\traditional\proc\p18F6627.asm
                    INDF1   0x000fe7       data     extern C:\MCC18\src\traditional\proc\p18F6627.asm
                     WREG   0x000fe8       data     extern C:\MCC18\src\traditional\proc\p18F6627.asm
                    FSR0L   0x000fe9       data     extern C:\MCC18\src\traditional\proc\p18F6627.asm
                     FSR0   0x000fe9       data     extern C:\MCC18\src\traditional\proc\p18F6627.asm
                    FSR0H   0x000fea       data     extern C:\MCC18\src\traditional\proc\p18F6627.asm
                   PLUSW0   0x000feb       data     extern C:\MCC18\src\traditional\proc\p18F6627.asm
                  PREINC0   0x000fec       data     extern C:\MCC18\src\traditional\proc\p18F6627.asm
                 POSTDEC0   0x000fed       data     extern C:\MCC18\src\traditional\proc\p18F6627.asm
                 POSTINC0   0x000fee       data     extern C:\MCC18\src\traditional\proc\p18F6627.asm
                    INDF0   0x000fef       data     extern C:\MCC18\src\traditional\proc\p18F6627.asm
                  INTCON3   0x000ff0       data     extern C:\MCC18\src\traditional\proc\p18F6627.asm
              INTCON3bits   0x000ff0       data     extern C:\MCC18\src\traditional\proc\p18F6627.asm
                  INTCON2   0x000ff1       data     extern C:\MCC18\src\traditional\proc\p18F6627.asm
              INTCON2bits   0x000ff1       data     extern C:\MCC18\src\traditional\proc\p18F6627.asm
                   INTCON   0x000ff2       data     extern C:\MCC18\src\traditional\proc\p18F6627.asm
               INTCONbits   0x000ff2       data     extern C:\MCC18\src\traditional\proc\p18F6627.asm
                    PRODL   0x000ff3       data     extern C:\MCC18\src\traditional\proc\p18F6627.asm
                     PROD   0x000ff3       data     extern C:\MCC18\src\traditional\proc\p18F6627.asm
                    PRODH   0x000ff4       data     extern C:\MCC18\src\traditional\proc\p18F6627.asm
                   TABLAT   0x000ff5       data     extern C:\MCC18\src\traditional\proc\p18F6627.asm
                   TBLPTR   0x000ff6       data     extern C:\MCC18\src\traditional\proc\p18F6627.asm
                  TBLPTRL   0x000ff6       data     extern C:\MCC18\src\traditional\proc\p18F6627.asm
                  TBLPTRH   0x000ff7       data     extern C:\MCC18\src\traditional\proc\p18F6627.asm
                  TBLPTRU   0x000ff8       data     extern C:\MCC18\src\traditional\proc\p18F6627.asm
                      PCL   0x000ff9       data     extern C:\MCC18\src\traditional\proc\p18F6627.asm
                       PC   0x000ff9       data     extern C:\MCC18\src\traditional\proc\p18F6627.asm
                   PCLATH   0x000ffa       data     extern C:\MCC18\src\traditional\proc\p18F6627.asm
                   PCLATU   0x000ffb       data     extern C:\MCC18\src\traditional\proc\p18F6627.asm
                   STKPTR   0x000ffc       data     extern C:\MCC18\src\traditional\proc\p18F6627.asm
               STKPTRbits   0x000ffc       data     extern C:\MCC18\src\traditional\proc\p18F6627.asm
                      TOS   0x000ffd       data     extern C:\MCC18\src\traditional\proc\p18F6627.asm
                     TOSL   0x000ffd       data     extern C:\MCC18\src\traditional\proc\p18F6627.asm
                     TOSH   0x000ffe       data     extern C:\MCC18\src\traditional\proc\p18F6627.asm
                     TOSU   0x000fff       data     extern C:\MCC18\src\traditional\proc\p18F6627.asm


