MPLINK 4.42, Linker
Linker Map File - Created Fri Oct 05 18:25:36 2012

                                 Section Info
                  Section       Type    Address   Location Size(Bytes)
                ---------  ---------  ---------  ---------  ---------
               _entry_scn       code   0x000000    program   0x000006
               highVector       code   0x000008    program   0x000006
                   .cinit    romdata   0x00002a    program   0x0000aa
              .code_tcp.o       code   0x0000d4    program   0x002688
              .code_cmd.o       code   0x00275c    program   0x001dda
             .code_http.o       code   0x004536    program   0x001314
              .code_mac.o       code   0x00584a    program   0x000f1e
              .code_udp.o       code   0x006768    program   0x000b7c
             .code_dhcp.o       code   0x0072e4    program   0x000a7e
            .code_buses.o       code   0x007d62    program   0x000a02
            .code_ior5e.o       code   0x008764    program   0x0008aa
          .code_helpers.o       code   0x00900e    program   0x0007e0
             .code_fsee.o       code   0x0097ee    program   0x00079c
           .code_sercfg.o       code   0x009f8a    program   0x0006d2
           .code_appcfg.o       code   0x00a65c    program   0x000680
              .code_ftp.o       code   0x00acdc    program   0x00056e
        .code_mxwebsrvr.o       code   0x00b24a    program   0x000508
            .code_mxd2r.o       code   0x00b752    program   0x000452
            .code_lcd2s.o       code   0x00bba4    program   0x00042c
               .code_ip.o       code   0x00bfd0    program   0x000428
             .code_nbns.o       code   0x00c3f8    program   0x0003d8
              .code_arp.o       code   0x00c7d0    program   0x00039e
             .stringtable    romdata   0x00cb6e    program   0x00037c
            .code_event.o       code   0x00ceea    program   0x000364
         .code_stacktsk.o       code   0x00d24e    program   0x000312
             .code_icmp.o       code   0x00d560    program   0x0002be
         .code_httpexec.o       code   0x00d81e    program   0x00029c
          .code_xeeprom.o       code   0x00daba    program   0x000244
                   STDLIB       code   0x00dcfe    program   0x00021e
                   STRING       code   0x00df1c    program   0x000208
        .romdata_sercfg.o    romdata   0x00e124    program   0x0001e2
          .code_busser2.o       code   0x00e306    program   0x0001da
          .code_busser1.o       code   0x00e4e0    program   0x0001da
           .code_arptsk.o       code   0x00e6ba    program   0x00013a
           .code_busi2c.o       code   0x00e7f4    program   0x0000fc
          .romdata_http.o    romdata   0x00e8f0    program   0x0000cb
           .romdata_ftp.o    romdata   0x00e9bb    program   0x000000
           .romdata_i2c.o    romdata   0x00e9bb    program   0x000000
           .idata_i2c.o_i    romdata   0x00e9bb    program   0x000000
      .idata_fxd1616u.o_i    romdata   0x00e9bb    program   0x000000
        .idata___init.o_i    romdata   0x00e9bb    program   0x000000
            .idata_io.o_i    romdata   0x00e9bb    program   0x000000
           .idata_dns.o_i    romdata   0x00e9bb    program   0x000000
         .romdata_ior5e.o    romdata   0x00e9bb    program   0x000000
           .romdata_dns.o    romdata   0x00e9bb    program   0x000000
       .idata_busser1.o_i    romdata   0x00e9bb    program   0x000000
           .romdata_mac.o    romdata   0x00e9bb    program   0x000000
           .idata_mac.o_i    romdata   0x00e9bb    program   0x000000
        .romdata_busi2c.o    romdata   0x00e9bb    program   0x000000
      .idata_stacktsk.o_i    romdata   0x00e9bb    program   0x000000
         .idata_c018i.o_i    romdata   0x00e9bb    program   0x000000
         .romdata_c018i.o    romdata   0x00e9bb    program   0x000000
           .romdata_arp.o    romdata   0x00e9bb    program   0x000000
        .idata_arptsk.o_i    romdata   0x00e9bb    program   0x000000
           .romdata_tcp.o    romdata   0x00e9bb    program   0x000000
       .idata_xeeprom.o_i    romdata   0x00e9bb    program   0x000000
       .romdata_xeeprom.o    romdata   0x00e9bb    program   0x000000
            .code_c018i.o       code   0x00e9bc    program   0x000000
               _cinit_scn       code   0x00e9bc    program   0x00009e
              .code_i2c.o       code   0x00ea5a    program   0x000080
       .romdata_helpers.o    romdata   0x00eada    program   0x000041
            .romdata_io.o    romdata   0x00eb1b    program   0x000000
        .romdata_appcfg.o    romdata   0x00eb1b    program   0x000000
       .romdata_busser2.o    romdata   0x00eb1b    program   0x000000
         .romdata_lcd2s.o    romdata   0x00eb1b    program   0x000000
         .romdata_buses.o    romdata   0x00eb1b    program   0x000000
          .romdata_nbns.o    romdata   0x00eb1b    program   0x000000
          .idata_nbns.o_i    romdata   0x00eb1b    program   0x000001
          .romdata_fsee.o    romdata   0x00eb1b    program   0x000000
          .romdata_dhcp.o    romdata   0x00eb1b    program   0x000000
      .romdata_httpexec.o    romdata   0x00eb1b    program   0x000000
           .romdata_udp.o    romdata   0x00eb1b    program   0x000000
           .idata_udp.o_i    romdata   0x00eb1b    program   0x000000
            .code_delay.o       code   0x00eb1c    program   0x000036
           .romdata_cmd.o    romdata   0x00eb52    program   0x000031
          .romdata_tick.o    romdata   0x00eb83    program   0x000000
          .idata_tick.o_i    romdata   0x00eb83    program   0x000000
         .romdata_mxd2r.o    romdata   0x00eb83    program   0x000000
         .idata_mxd2r.o_i    romdata   0x00eb83    program   0x000000
        .romdata_arptsk.o    romdata   0x00eb83    program   0x000000
         .idata_ior5e.o_i    romdata   0x00eb83    program   0x000000
       .idata_busser2.o_i    romdata   0x00eb83    program   0x000000
          .idata_icmp.o_i    romdata   0x00eb83    program   0x000000
            .romdata_ip.o    romdata   0x00eb83    program   0x000000
        .idata_busi2c.o_i    romdata   0x00eb83    program   0x000000
       .romdata_busser1.o    romdata   0x00eb83    program   0x000000
          .romdata_icmp.o    romdata   0x00eb83    program   0x000000
         .romdata_event.o    romdata   0x00eb83    program   0x000000
           .idata_arp.o_i    romdata   0x00eb83    program   0x000000
      .idata_httpexec.o_i    romdata   0x00eb83    program   0x000000
      .romdata_fxd1616u.o    romdata   0x00eb83    program   0x000000
         .idata_delay.o_i    romdata   0x00eb83    program   0x000000
          .idata_fsee.o_i    romdata   0x00eb83    program   0x000000
         .romdata_delay.o    romdata   0x00eb83    program   0x000000
        .romdata___init.o    romdata   0x00eb83    program   0x000000
              .code_dns.o       code   0x00eb84    program   0x000000
         .code_fxd1616u.o       code   0x00eb84    program   0x00002c
             .code_tick.o       code   0x00ebb0    program   0x000022
              D1KTCYXCODE       code   0x00ebd2    program   0x000020
                    .code       code   0x00ebf2    program   0x000020
             _startup_scn       code   0x00ec12    program   0x00001c
     .romdata_mxwebsrvr.o    romdata   0x00ec2e    program   0x00001c
               .code_io.o       code   0x00ec4a    program   0x00000e
      .romdata_stacktsk.o    romdata   0x00ec58    program   0x000006
           .code___init.o       code   0x00ec5e    program   0x000002
           .idata_tcp.o_i    romdata   0x00ec60    program   0x000002
        .idata_sercfg.o_i    romdata   0x00ec62    program   0x000018
     .idata_mxwebsrvr.o_i    romdata   0x00ec7a    program   0x000005
         .idata_lcd2s.o_i    romdata   0x00ec7f    program   0x000002
            .idata_ip.o_i    romdata   0x00ec81    program   0x000002
          .idata_http.o_i    romdata   0x00ec83    program   0x000039
       .idata_helpers.o_i    romdata   0x00ecbc    program   0x000051
           .idata_ftp.o_i    romdata   0x00ed0d    program   0x000039
         .idata_event.o_i    romdata   0x00ed46    program   0x000003
          .idata_dhcp.o_i    romdata   0x00ed49    program   0x000004
           .idata_cmd.o_i    romdata   0x00ed4d    program   0x000002
         .idata_buses.o_i    romdata   0x00ed4f    program   0x000002
        .idata_appcfg.o_i    romdata   0x00ed51    program   0x00000f
.config_300001_mxwebsrvr.o    romdata   0x300001    program   0x000001
.config_300002_mxwebsrvr.o    romdata   0x300002    program   0x000001
.config_300003_mxwebsrvr.o    romdata   0x300003    program   0x000001
.config_300005_mxwebsrvr.o    romdata   0x300005    program   0x000001
.config_300006_mxwebsrvr.o    romdata   0x300006    program   0x000001
.config_300008_mxwebsrvr.o    romdata   0x300008    program   0x000001
.config_300009_mxwebsrvr.o    romdata   0x300009    program   0x000001
.config_30000a_mxwebsrvr.o    romdata   0x30000a    program   0x000001
.config_30000b_mxwebsrvr.o    romdata   0x30000b    program   0x000001
.config_30000c_mxwebsrvr.o    romdata   0x30000c    program   0x000001
.config_30000d_mxwebsrvr.o    romdata   0x30000d    program   0x000001
                   EESECT    romdata   0xf00000    program   0x00011c
                MATH_DATA      udata   0x000000       data   0x000010
                 .tmpdata      udata   0x000010       data   0x000010
                accessram      udata   0x000020       data   0x000004
                DELAYDAT1      udata   0x000024       data   0x000001
             .udata_tcp.o      udata   0x000060       data   0x00004e
             .udata_ftp.o      udata   0x0000ae       data   0x000048
           .udata_c018i.o      udata   0x0000f6       data   0x00000a
             .udata_udp.o      udata   0x000100       data   0x0000c2
            .idata_http.o      idata   0x0001c2       data   0x000039
            .udata_nbns.o      udata   0x0001fb       data   0x000005
           .udata_ior5e.o      udata   0x000200       data   0x000041
             .idata_ftp.o      idata   0x000241       data   0x000039
           .udata_buses.o      udata   0x00027a       data   0x000037
          .udata_appcfg.o      udata   0x0002b1       data   0x000037
          .idata_sercfg.o      idata   0x0002e8       data   0x000018
         .udata_helpers.o      udata   0x000300       data   0x000034
        .udata_stacktsk.o      udata   0x000334       data   0x000032
             .udata_mac.o      udata   0x000366       data   0x000032
             .udata_cmd.o      udata   0x000398       data   0x000028
           .udata_mxd2r.o      udata   0x0003c0       data   0x000026
            .udata_icmp.o      udata   0x0003e6       data   0x000016
              .udata_io.o      udata   0x0003fc       data   0x000004
           .udata_lcd2s.o      udata   0x000400       data   0x00001e
            .udata_dhcp.o      udata   0x00041e       data   0x00001b
              .udata_ip.o      udata   0x000439       data   0x000012
          .udata_arptsk.o      udata   0x00044b       data   0x000011
         .udata_xeeprom.o      udata   0x00045c       data   0x00000f
          .idata_appcfg.o      idata   0x00046b       data   0x00000f
       .udata_mxwebsrvr.o      udata   0x00047a       data   0x00000e
             .udata_arp.o      udata   0x000488       data   0x000009
        .udata_httpexec.o      udata   0x000491       data   0x000008
          .udata_busi2c.o      udata   0x000499       data   0x000008
            .udata_tick.o      udata   0x0004a1       data   0x000007
         .udata_busser2.o      udata   0x0004a8       data   0x000007
         .udata_busser1.o      udata   0x0004af       data   0x000007
             .udata_i2c.o      udata   0x0004b6       data   0x000006
       .idata_mxwebsrvr.o      idata   0x0004bc       data   0x000005
            .idata_dhcp.o      idata   0x0004c1       data   0x000004
           .udata_event.o      udata   0x0004c5       data   0x000003
           .idata_event.o      idata   0x0004c8       data   0x000003
           .udata_delay.o      udata   0x0004cb       data   0x000002
             .idata_tcp.o      idata   0x0004cd       data   0x000002
           .idata_lcd2s.o      idata   0x0004cf       data   0x000002
              .idata_ip.o      idata   0x0004d1       data   0x000002
             .idata_cmd.o      idata   0x0004d3       data   0x000002
           .idata_buses.o      idata   0x0004d5       data   0x000002
          .udata___init.o      udata   0x0004d7       data   0x000000
         .idata_xeeprom.o      idata   0x0004d7       data   0x000000
            .idata_tick.o      idata   0x0004d7       data   0x000000
             .idata_i2c.o      idata   0x0004d7       data   0x000000
          .idata_busi2c.o      idata   0x0004d7       data   0x000000
            .idata_fsee.o      idata   0x0004d7       data   0x000000
          .idata___init.o      idata   0x0004d7       data   0x000000
           .idata_delay.o      idata   0x0004d7       data   0x000000
           .idata_mxd2r.o      idata   0x0004d7       data   0x000000
             .idata_udp.o      idata   0x0004d7       data   0x000000
              .idata_io.o      idata   0x0004d7       data   0x000000
        .idata_fxd1616u.o      idata   0x0004d7       data   0x000000
         .idata_busser2.o      idata   0x0004d7       data   0x000000
        .idata_httpexec.o      idata   0x0004d7       data   0x000000
        .idata_stacktsk.o      idata   0x0004d7       data   0x000000
        .udata_fxd1616u.o      udata   0x0004d7       data   0x000000
             .idata_mac.o      idata   0x0004d7       data   0x000000
           .idata_ior5e.o      idata   0x0004d7       data   0x000000
           .idata_c018i.o      idata   0x0004d7       data   0x000000
         .idata_busser1.o      idata   0x0004d7       data   0x000000
          .idata_arptsk.o      idata   0x0004d7       data   0x000000
             .idata_dns.o      idata   0x0004d7       data   0x000000
            .idata_icmp.o      idata   0x0004d7       data   0x000000
             .udata_dns.o      udata   0x0004d7       data   0x000000
             .idata_arp.o      idata   0x0004d7       data   0x000000
sercfg.o:StringToIPAddress     actrec   0x000900       data   0x000004
  sercfg.o:USARTGetString     actrec   0x000900       data   0x000002
sercfg.o:scfDisplayIPValue     actrec   0x000900       data   0x000008
busi2c.o:i2c1BusPutString     actrec   0x000900       data   0x000001
          buses.o:busTask     actrec   0x000900       data   0x000004
busi2c.o:i2c1BusPutRomString     actrec   0x000900       data   0x000001
helpers.o:CalcIPBufferChecksum     actrec   0x000900       data   0x000046
      mac.o:MACGetNICAddr     actrec   0x000900       data   0x000002
    busser2.o:ser2GetByte     actrec   0x000900       data   0x000001
  busser2.o:ser2PutString     actrec   0x000900       data   0x000001
       mac.o:MACGetHeader     actrec   0x000900       data   0x000017
          lcd2s.o:lcdInit     actrec   0x000900       data   0x000001
        mac.o:MACIsLinked     actrec   0x000900       data   0x000001
       lcd2s.o:lcdService     actrec   0x000900       data   0x000001
  lcd2s.o:lcdPutRomString     actrec   0x000900       data   0x000001
   mac.o:MACGetFreeRxSize     actrec   0x000900       data   0x000004
busser2.o:ser2PutRomString     actrec   0x000900       data   0x000001
       fsee.o:fseeGetByte     actrec   0x000900       data   0x000003
          fsee.o:fseeOpen     actrec   0x000900       data   0x000008
          fsee.o:fseeInit     actrec   0x000900       data   0x000001
       fsee.o:fseePutByte     actrec   0x000900       data   0x000002
busser1.o:serPutRomString     actrec   0x000900       data   0x000001
    ftp.o:ParseFTPCommand     actrec   0x000900       data   0x000001
     ftp.o:ParseFTPString     actrec   0x000900       data   0x000004
            cmd.o:cmdInit     actrec   0x000900       data   0x00000a
         dhcp.o:_DHCPSend     actrec   0x000900       data   0x000005
      dhcp.o:_DHCPReceive     actrec   0x000900       data   0x000009
            cmd.o:cmdTask     actrec   0x000900       data   0x00004f
             arp.o:ARPPut     actrec   0x000900       data   0x00001d
          nbns.o:NBNSTask     actrec   0x000900       data   0x000021
 udp.o:FindMatchingSocket     actrec   0x000900       data   0x000004
            udp.o:UDPInit     actrec   0x000900       data   0x000001
             arp.o:ARPGet     actrec   0x000900       data   0x00001c
          helpers.o:swapl     actrec   0x000900       data   0x000007
sercfg.o:DownloadFsysImage     actrec   0x000900       data   0x000087
  busi2c.o:i2c1BusGetByte     actrec   0x000900       data   0x000001
          buses.o:busInit     actrec   0x000900       data   0x000001
   sercfg.o:GetMenuChoice     actrec   0x000900       data   0x000001
http.o:HTTPGetRqstResFiletype     actrec   0x000900       data   0x000003
   xeeprom.o:XEEReadArray     actrec   0x000900       data   0x000001
      appcfg.o:appcfgInit     actrec   0x000900       data   0x000002
     mxd2r.o:mxd2rService     actrec   0x000900       data   0x000001
    http.o:HTTPGetRqstRes     actrec   0x000900       data   0x000002
          event.o:evtTask     actrec   0x000900       data   0x000041
  tcp.o:TCPGetRxBufferPos     actrec   0x000900       data   0x000002
appcfg.o:appcfgCpuIOValues     actrec   0x000900       data   0x000001
 tcp.o:FindMatchingSocket     actrec   0x000900       data   0x000004
        tcp.o:TCPGetArray     actrec   0x000900       data   0x000002
         tcp.o:TCPDiscard     actrec   0x000900       data   0x000002
          tcp.o:TCPListen     actrec   0x000900       data   0x000003
httpexec.o:HTTPExecGetCmd     actrec   0x000900       data   0x000048
    httpexec.o:HTTPGetVar     actrec   0x000900       data   0x000008
            tcp.o:TCPInit     actrec   0x000900       data   0x000003
          event.o:evtInit     actrec   0x000900       data   0x00000a
         ip.o:IPGetHeader     actrec   0x000900       data   0x000045
            mac.o:MACInit     actrec   0x000900       data   0x000001
    http.o:HTTPGetCommand     actrec   0x000900       data   0x000007
           icmp.o:ICMPPut     actrec   0x000900       data   0x00002b
           icmp.o:ICMPGet     actrec   0x000900       data   0x000030
   http.o:HTTPParseHeader     actrec   0x000900       data   0x000087
     ior5e.o:ior5eService     actrec   0x000900       data   0x000003
          http.o:HTTPInit     actrec   0x000903       data   0x000001
    busser2.o:ser2Service     actrec   0x000904       data   0x000001
     busser1.o:serService     actrec   0x000904       data   0x000001
      tcp.o:SwapTCPHeader     actrec   0x000907       data   0x000001
   busser1.o:serPutString     actrec   0x000908       data   0x000001
   xeeprom.o:XEEBeginRead     actrec   0x000908       data   0x000001
      arptsk.o:ARPProcess     actrec   0x00091d       data   0x00000b
      arptsk.o:ARPResolve     actrec   0x00091d       data   0x00000a
       nbns.o:NBNSPutName     actrec   0x000921       data   0x000002
       nbns.o:NBNSGetName     actrec   0x000921       data   0x000003
       nbns.o:NBNSCmpName     actrec   0x000921       data   0x000003
   ior5e.o:ior5eAddEvents     actrec   0x000941       data   0x000004
   mxd2r.o:mxd2rAddEvents     actrec   0x000941       data   0x000001
        udp.o:UDPPutArray     actrec   0x000941       data   0x000004
        udp.o:UDPGetArray     actrec   0x000941       data   0x000002
           event.o:chkLCD     actrec   0x000941       data   0x000003
       lcd2s.o:kpadGetKey     actrec   0x000944       data   0x000001
        tcp.o:TransmitTCP     actrec   0x000946       data   0x000026
         udp.o:UDPProcess     actrec   0x000946       data   0x000018
      http.o:HTTPGetParam     actrec   0x000948       data   0x000004
       appcfg.o:appcfgPWM     actrec   0x00094f       data   0x000002
          cmd.o:cmdGetTag     actrec   0x00094f       data   0x000013
   cmd.o:execNameValueCmd     actrec   0x00094f       data   0x00003e
   helpers.o:strcmpee2ram     actrec   0x00094f       data   0x000001
      buses.o:busInfoInit     actrec   0x00094f       data   0x000003
           udp.o:UDPFlush     actrec   0x00094f       data   0x00000a
        mxd2r.o:mxd2rInit     actrec   0x00094f       data   0x000001
       buses.o:busNetInit     actrec   0x00094f       data   0x00000b
     appcfg.o:appcfgUSART     actrec   0x00094f       data   0x000003
        ior5e.o:ior5eInit     actrec   0x00094f       data   0x000001
     appcfg.o:appcfgCpuIO     actrec   0x00094f       data   0x000001
    appcfg.o:appcfgUSART2     actrec   0x00094f       data   0x000003
             udp.o:UDPPut     actrec   0x000959       data   0x000002
         helpers.o:memclr     actrec   0x00095a       data   0x000004
            udp.o:UDPOpen     actrec   0x00095a       data   0x000003
     appcfg.o:pwmGetValue     actrec   0x000962       data   0x000006
     ior5e.o:ior5eGetOpto     actrec   0x000962       data   0x000001
      appcfg.o:pwmGetFreq     actrec   0x000962       data   0x000001
cmd.o:cmdGetEepromStringVar     actrec   0x000962       data   0x000002
   cmd.o:cmdGetWordHexVar     actrec   0x000962       data   0x000001
       http.o:sendLineEnd     actrec   0x00096c       data   0x000002
         tcp.o:TCPConnect     actrec   0x00096c       data   0x000004
        http.o:sendRomStr     actrec   0x00096c       data   0x000002
          http.o:sendFile     actrec   0x00096c       data   0x00000c
         tcp.o:TCPProcess     actrec   0x00096c       data   0x000026
            tcp.o:TCPTick     actrec   0x00096c       data   0x000010
        tcp.o:TCPPutArray     actrec   0x00096c       data   0x000002
      tcp.o:TCPDisconnect     actrec   0x00096c       data   0x000002
          ftp.o:FTPServer     actrec   0x000970       data   0x000004
            ftp.o:PutFile     actrec   0x000974       data   0x000001
             tcp.o:TCPPut     actrec   0x000978       data   0x000002
           tcp.o:TCPFlush     actrec   0x00097a       data   0x000002
mxwebsrvr.o:HTTPProcessHdr     actrec   0x000987       data   0x00002e
sercfg.o:ExecuteMenuChoice     actrec   0x000987       data   0x00001d
             tcp.o:TCPGet     actrec   0x000987       data   0x000002
     tcp.o:TCPGetArrayChr     actrec   0x000987       data   0x000005
     mac.o:MACGetArrayChr     actrec   0x00098c       data   0x000003
     tcp.o:TCPSetRxBuffer     actrec   0x00098c       data   0x000003
   helpers.o:strcpyram2ee     actrec   0x00098d       data   0x000001
         helpers.o:hextob     actrec   0x00098d       data   0x000002
     appcfg.o:pwmSetValue     actrec   0x00098d       data   0x000005
      lcd2s.o:lcdPutArray     actrec   0x00098d       data   0x000002
     lcd2s.o:lcdPutString     actrec   0x00098d       data   0x000001
        delay.o:Delay10us     actrec   0x00098d       data   0x000001
      appcfg.o:pwmSetFreq     actrec   0x00098d       data   0x000001
         ip.o:IPPutHeader     actrec   0x000992       data   0x000014
       mac.o:MACIsTxReady     actrec   0x000992       data   0x000001
     mac.o:MACGetTxBuffer     actrec   0x000992       data   0x000001
             mac.o:MACGet     actrec   0x000992       data   0x000003
        mac.o:MACGetArray     actrec   0x000992       data   0x000002
           mac.o:MACFlush     actrec   0x000992       data   0x000001
     mac.o:MACSetRxBuffer     actrec   0x000992       data   0x000002
     mac.o:MACSetTxBuffer     actrec   0x000992       data   0x000002
          helpers.o:swaps     actrec   0x000992       data   0x000003
       mac.o:MACDiscardRx     actrec   0x000995       data   0x000003
             mac.o:NICGet     actrec   0x000998       data   0x000001
     xeeprom.o:XEESetAddr     actrec   0x0009a4       data   0x000002
     appcfg.o:_appcfgPutc     actrec   0x0009a4       data   0x000001
       fsee.o:fseeRelease     actrec   0x0009a4       data   0x000002
     busser1.o:serGetByte     actrec   0x0009a4       data   0x000001
     fsee.o:fseeOpenImage     actrec   0x0009a4       data   0x000001
       tcp.o:HandleTCPSeg     actrec   0x0009a6       data   0x000013
  fsee.o:fseePutByteImage     actrec   0x0009a6       data   0x000002
      xeeprom.o:XEEIsBusy     actrec   0x0009a8       data   0x000001
         sercfg.o:scfInit     actrec   0x0009a9       data   0x000001
       sercfg.o:SetConfig     actrec   0x0009aa       data   0x000001
       http.o:HTTPProcess     actrec   0x0009b5       data   0x000018
     stacktsk.o:StackTask     actrec   0x0009b9       data   0x000006
         mxwebsrvr.o:main     actrec   0x0009cd       data   0x00000b
   helpers.o:base64Encode     actrec   0x0009d8       data   0x000001
        ip.o:SwapIPHeader     actrec   0x0009d8       data   0x000001
 helpers.o:CalcIPChecksum     actrec   0x0009d8       data   0x000008
        mac.o:MACPutArray     actrec   0x0009d8       data   0x000004
   helpers.o:strcpyee2ram     actrec   0x0009d8       data   0x000001
helpers.o:strBeginsWithIC     actrec   0x0009d8       data   0x000001
       mac.o:MACPutHeader     actrec   0x0009dc       data   0x000003
        http.o:HTTPServer     actrec   0x0009e0       data   0x000001
           BUS_BUFFER_SEG      udata   0x000a00       data   0x000200
      TCP_SOCKET_INFO_SEG      udata   0x000c00       data   0x000168
         .idata_helpers.o      idata   0x000d68       data   0x000051
            .udata_fsee.o      udata   0x000db9       data   0x000046
            .idata_nbns.o      idata   0x000dff       data   0x000001
                   .stack      udata   0x000e00       data   0x000100
            .udata_http.o      udata   0x000f00       data   0x000055
          .udata_sercfg.o      udata   0x000f55       data   0x00000b
            SFR_UNBANKED0      udata   0x000f62       data   0x00009e



                              Program Memory Usage 
                               Start         End      
                           ---------   ---------      
                            0x000000    0x000005      
                            0x000008    0x00000d      
                            0x00002a    0x00e9ba      
                            0x00e9bc    0x00eb82      
                            0x00eb84    0x00ed5f      
                            0x300001    0x300003      
                            0x300005    0x300006      
                            0x300008    0x30000d      
                            0xf00000    0xf0011b      
            61031 out of 99352 program addresses used, program memory utilization is 61%



                              Symbols - Sorted by Name
                     Name    Address   Location    Storage File                     
                ---------  ---------  ---------  --------- ---------                
              APP_VER_STR   0x00ec2e    program     extern C:\Users\Jim\Desktop\websrvr65_v310\src\mxwebsrvr.c
                   ARPGet   0x00c7d0    program     extern C:\Users\Jim\Desktop\websrvr65_v310\src\net\arp.c
                  ARPInit   0x00e6ba    program     extern C:\Users\Jim\Desktop\websrvr65_v310\src\net\arptsk.c
            ARPIsResolved   0x00e786    program     extern C:\Users\Jim\Desktop\websrvr65_v310\src\net\arptsk.c
               ARPProcess   0x00e6d4    program     extern C:\Users\Jim\Desktop\websrvr65_v310\src\net\arptsk.c
                   ARPPut   0x00c908    program     extern C:\Users\Jim\Desktop\websrvr65_v310\src\net\arp.c
               ARPResolve   0x00e75a    program     extern C:\Users\Jim\Desktop\websrvr65_v310\src\net\arptsk.c
       AnsiEscClearScreen   0x00e301    program     static C:\Users\Jim\Desktop\websrvr65_v310\src\sercfg.c
     CalcIPBufferChecksum   0x0091dc    program     extern C:\Users\Jim\Desktop\websrvr65_v310\src\net\helpers.c
           CalcIPChecksum   0x009104    program     extern C:\Users\Jim\Desktop\websrvr65_v310\src\net\helpers.c
              CloseSocket   0x001a6a    program     static C:\Users\Jim\Desktop\websrvr65_v310\src\net\tcp.c
                    D1K_1   0x00ebde    program     static C:\MCC18\src\traditional\delays\d1ktcyx.asm
                     D1Kx   0x00ebdc    program     static C:\MCC18\src\traditional\delays\d1ktcyx.asm
              DHCPDisable   0x007316    program     extern C:\Users\Jim\Desktop\websrvr65_v310\src\net\dhcp.c
               DHCPEnable   0x00735e    program     extern C:\Users\Jim\Desktop\websrvr65_v310\src\net\dhcp.c
                  DHCPMsg   0x00e170    program     extern C:\Users\Jim\Desktop\websrvr65_v310\src\sercfg.c
                DHCPReset   0x0072e4    program     extern C:\Users\Jim\Desktop\websrvr65_v310\src\net\dhcp.c
                 DHCPTask   0x00738c    program     extern C:\Users\Jim\Desktop\websrvr65_v310\src\net\dhcp.c
                Delay10us   0x00eb1c    program     extern C:\Users\Jim\Desktop\websrvr65_v310\src\net\delay.c
              Delay1KTCYx   0x00ebd2    program     extern C:\MCC18\src\traditional\delays\d1ktcyx.asm
                  DelayMs   0x00eb36    program     extern C:\Users\Jim\Desktop\websrvr65_v310\src\net\delay.c
        DownloadFsysImage   0x00a4f8    program     static C:\Users\Jim\Desktop\websrvr65_v310\src\sercfg.c
        ExecuteFTPCommand   0x00aeae    program     static C:\Users\Jim\Desktop\websrvr65_v310\src\net\ftp.c
        ExecuteMenuChoice   0x00a244    program     extern C:\Users\Jim\Desktop\websrvr65_v310\src\sercfg.c
                  FTPInit   0x00acdc    program     extern C:\Users\Jim\Desktop\websrvr65_v310\src\net\ftp.c
                FTPServer   0x00acfa    program     extern C:\Users\Jim\Desktop\websrvr65_v310\src\net\ftp.c
                FTPVerify   0x00b712    program     extern C:\Users\Jim\Desktop\websrvr65_v310\src\mxwebsrvr.c
                 FXD1616U   0x00eb84    program     extern C:\MCC18\src\traditional\math\fxd1616u.c
       FindMatchingSocket   0x00712a    program     static C:\Users\Jim\Desktop\websrvr65_v310\src\net\udp.c
       FindMatchingSocket   0x0015f0    program     static C:\Users\Jim\Desktop\websrvr65_v310\src\net\tcp.c
            GetMenuChoice   0x00a21e    program     extern C:\Users\Jim\Desktop\websrvr65_v310\src\sercfg.c
          HTMLSTR_CHECKED   0x00eb52    program     extern C:\Users\Jim\Desktop\websrvr65_v310\src\cmd.c
         HTMLSTR_CMNT_END   0x00eb68    program     extern C:\Users\Jim\Desktop\websrvr65_v310\src\cmd.c
       HTMLSTR_CMNT_START   0x00eb63    program     extern C:\Users\Jim\Desktop\websrvr65_v310\src\cmd.c
         HTMLSTR_DISABLED   0x00eb5a    program     extern C:\Users\Jim\Desktop\websrvr65_v310\src\cmd.c
              HTMLSTR_OFF   0x00eb6f    program     extern C:\Users\Jim\Desktop\websrvr65_v310\src\cmd.c
               HTMLSTR_ON   0x00eb6c    program     extern C:\Users\Jim\Desktop\websrvr65_v310\src\cmd.c
           HTTPExecGetCmd   0x00d820    program     extern C:\Users\Jim\Desktop\websrvr65_v310\src\httpexec.c
           HTTPGetCommand   0x005256    program     static C:\Users\Jim\Desktop\websrvr65_v310\src\net\http.c
       HTTPGetCurrentUser   0x005818    program     extern C:\Users\Jim\Desktop\websrvr65_v310\src\net\http.c
             HTTPGetParam   0x00519e    program     extern C:\Users\Jim\Desktop\websrvr65_v310\src\net\http.c
           HTTPGetRqstRes   0x0046b4    program     extern C:\Users\Jim\Desktop\websrvr65_v310\src\net\http.c
   HTTPGetRqstResFiletype   0x0045fc    program     extern C:\Users\Jim\Desktop\websrvr65_v310\src\net\http.c
               HTTPGetVar   0x00da30    program     extern C:\Users\Jim\Desktop\websrvr65_v310\src\httpexec.c
    HTTPHDR_AUTHORIZATION   0x00ec34    program     static C:\Users\Jim\Desktop\websrvr65_v310\src\mxwebsrvr.c
                 HTTPInit   0x004536    program     extern C:\Users\Jim\Desktop\websrvr65_v310\src\net\http.c
HTTPMSG_CACHECONTROL_MAXAGE300   0x00e975    program     extern C:\Users\Jim\Desktop\websrvr65_v310\src\net\http.c
HTTPMSG_CONTENT_ENCODING_GZIP   0x00e94f    program     extern C:\Users\Jim\Desktop\websrvr65_v310\src\net\http.c
     HTTPMSG_CONTENT_TYPE   0x00e940    program     extern C:\Users\Jim\Desktop\websrvr65_v310\src\net\http.c
HTTPMSG_EXPIRES_IMMEDIATELY   0x00e968    program     extern C:\Users\Jim\Desktop\websrvr65_v310\src\net\http.c
      HTTPMSG_RESPONSE_OK   0x00e930    program     extern C:\Users\Jim\Desktop\websrvr65_v310\src\net\http.c
          HTTPParseHeader   0x0056a8    program     static C:\Users\Jim\Desktop\websrvr65_v310\src\net\http.c
              HTTPProcess   0x004786    program     static C:\Users\Jim\Desktop\websrvr65_v310\src\net\http.c
           HTTPProcessHdr   0x00b630    program     extern C:\Users\Jim\Desktop\websrvr65_v310\src\mxwebsrvr.c
               HTTPServer   0x0045e4    program     extern C:\Users\Jim\Desktop\websrvr65_v310\src\net\http.c
 HTTP_DEFAULT_FILE_STRING   0x00e9a7    program     extern C:\Users\Jim\Desktop\websrvr65_v310\src\net\http.c
          HTTP_GET_STRING   0x00e9a3    program     extern C:\Users\Jim\Desktop\websrvr65_v310\src\net\http.c
             HandleTCPSeg   0x001b88    program     static C:\Users\Jim\Desktop\websrvr65_v310\src\net\tcp.c
                  HighISR   0x00b24a    program     extern C:\Users\Jim\Desktop\websrvr65_v310\src\mxwebsrvr.c
               HighVector   0x000008    program     extern C:\Users\Jim\Desktop\websrvr65_v310\src\mxwebsrvr.c
                  ICMPGet   0x00d560    program     extern C:\Users\Jim\Desktop\websrvr65_v310\src\net\icmp.c
                  ICMPPut   0x00d666    program     extern C:\Users\Jim\Desktop\websrvr65_v310\src\net\icmp.c
              IPGetHeader   0x00bfd0    program     extern C:\Users\Jim\Desktop\websrvr65_v310\src\net\ip.c
              IPPutHeader   0x00c16e    program     extern C:\Users\Jim\Desktop\websrvr65_v310\src\net\ip.c
            IPSetRxBuffer   0x00c256    program     extern C:\Users\Jim\Desktop\websrvr65_v310\src\net\ip.c
          InitializeBoard   0x00b746    program     static C:\Users\Jim\Desktop\websrvr65_v310\src\mxwebsrvr.c
          InvalidInputMsg   0x00e2b7    program     extern C:\Users\Jim\Desktop\websrvr65_v310\src\sercfg.c
             MACDiscardRx   0x006148    program     extern C:\Users\Jim\Desktop\websrvr65_v310\src\net\mac.c
             MACDiscardTx   0x00610c    program     extern C:\Users\Jim\Desktop\websrvr65_v310\src\net\mac.c
                 MACFlush   0x0065ba    program     extern C:\Users\Jim\Desktop\websrvr65_v310\src\net\mac.c
                   MACGet   0x005e66    program     extern C:\Users\Jim\Desktop\websrvr65_v310\src\net\mac.c
              MACGetArray   0x005f1c    program     extern C:\Users\Jim\Desktop\websrvr65_v310\src\net\mac.c
           MACGetArrayChr   0x005fd0    program     extern C:\Users\Jim\Desktop\websrvr65_v310\src\net\mac.c
         MACGetFreeRxSize   0x006170    program     extern C:\Users\Jim\Desktop\websrvr65_v310\src\net\mac.c
             MACGetHeader   0x00625e    program     extern C:\Users\Jim\Desktop\websrvr65_v310\src\net\mac.c
            MACGetNICAddr   0x0066e8    program     extern C:\Users\Jim\Desktop\websrvr65_v310\src\net\mac.c
           MACGetTxBuffer   0x005baa    program     extern C:\Users\Jim\Desktop\websrvr65_v310\src\net\mac.c
                  MACInit   0x00584a    program     extern C:\Users\Jim\Desktop\websrvr65_v310\src\net\mac.c
              MACIsLinked   0x00622e    program     extern C:\Users\Jim\Desktop\websrvr65_v310\src\net\mac.c
             MACIsTxReady   0x005b38    program     extern C:\Users\Jim\Desktop\websrvr65_v310\src\net\mac.c
                   MACPut   0x005c3e    program     extern C:\Users\Jim\Desktop\websrvr65_v310\src\net\mac.c
              MACPutArray   0x005c96    program     extern C:\Users\Jim\Desktop\websrvr65_v310\src\net\mac.c
             MACPutHeader   0x0064c0    program     extern C:\Users\Jim\Desktop\websrvr65_v310\src\net\mac.c
       MACReserveTxBuffer   0x0060f0    program     extern C:\Users\Jim\Desktop\websrvr65_v310\src\net\mac.c
           MACSetRxBuffer   0x006704    program     extern C:\Users\Jim\Desktop\websrvr65_v310\src\net\mac.c
           MACSetTxBuffer   0x00672a    program     extern C:\Users\Jim\Desktop\websrvr65_v310\src\net\mac.c
                  MACTask   0x005aee    program     extern C:\Users\Jim\Desktop\websrvr65_v310\src\net\mac.c
              NBNSCmpName   0x00c788    program     static C:\Users\Jim\Desktop\websrvr65_v310\src\net\nbns.c
              NBNSGetName   0x00c6f2    program     static C:\Users\Jim\Desktop\websrvr65_v310\src\net\nbns.c
              NBNSPutName   0x00c6a0    program     static C:\Users\Jim\Desktop\websrvr65_v310\src\net\nbns.c
                 NBNSTask   0x00c3f8    program     extern C:\Users\Jim\Desktop\websrvr65_v310\src\net\nbns.c
                   NICGet   0x0066aa    program     extern C:\Users\Jim\Desktop\websrvr65_v310\src\net\mac.c
                   NICPut   0x006692    program     extern C:\Users\Jim\Desktop\websrvr65_v310\src\net\mac.c
                 NICReset   0x00666c    program     extern C:\Users\Jim\Desktop\websrvr65_v310\src\net\mac.c
               NICSetAddr   0x0066c6    program     extern C:\Users\Jim\Desktop\websrvr65_v310\src\net\mac.c
                  OneByte   0x00df0a    program     static C:\MCC18\src\traditional\stdclib\itobcd.asm
               PAGE_LOGIN   0x00e9b1    program     extern C:\Users\Jim\Desktop\websrvr65_v310\src\net\http.c
          ParseFTPCommand   0x00b122    program     static C:\Users\Jim\Desktop\websrvr65_v310\src\net\ftp.c
           ParseFTPString   0x00b196    program     static C:\Users\Jim\Desktop\websrvr65_v310\src\net\ftp.c
        PressKeyForConfig   0x00e124    program     extern C:\Users\Jim\Desktop\websrvr65_v310\src\sercfg.c
                ProcLower   0x00debe    program     static C:\MCC18\src\traditional\stdclib\itoa.asm
                ProcUpper   0x00deb4    program     static C:\MCC18\src\traditional\stdclib\itoa.asm
                ProcessIO   0x00b572    program     static C:\Users\Jim\Desktop\websrvr65_v310\src\mxwebsrvr.c
                  PutFile   0x00b00e    program     static C:\Users\Jim\Desktop\websrvr65_v310\src\net\ftp.c
                     Quit   0x00af8e    program     static C:\Users\Jim\Desktop\websrvr65_v310\src\net\ftp.c
               RunningApp   0x00e14c    program     extern C:\Users\Jim\Desktop\websrvr65_v310\src\sercfg.c
            STACK_VER_STR   0x00ec58    program     extern C:\Users\Jim\Desktop\websrvr65_v310\src\net\stacktsk.c
      STR_NOT_IMPLEMENTED   0x00eb73    program     extern C:\Users\Jim\Desktop\websrvr65_v310\src\cmd.c
                SetConfig   0x00a4c6    program     static C:\Users\Jim\Desktop\websrvr65_v310\src\sercfg.c
                StackInit   0x00d24e    program     extern C:\Users\Jim\Desktop\websrvr65_v310\src\net\stacktsk.c
                StackTask   0x00d27c    program     extern C:\Users\Jim\Desktop\websrvr65_v310\src\net\stacktsk.c
        StringToIPAddress   0x00a154    program     extern C:\Users\Jim\Desktop\websrvr65_v310\src\sercfg.c
            SwapARPPacket   0x00cad0    program     static C:\Users\Jim\Desktop\websrvr65_v310\src\net\arp.c
           SwapICMPPacket   0x00d774    program     static C:\Users\Jim\Desktop\websrvr65_v310\src\net\icmp.c
             SwapIPHeader   0x00c26e    program     static C:\Users\Jim\Desktop\websrvr65_v310\src\net\ip.c
            SwapTCPHeader   0x0017fe    program     static C:\Users\Jim\Desktop\websrvr65_v310\src\net\tcp.c
               TCPConnect   0x00029c    program     extern C:\Users\Jim\Desktop\websrvr65_v310\src\net\tcp.c
               TCPDiscard   0x000aa0    program     extern C:\Users\Jim\Desktop\websrvr65_v310\src\net\tcp.c
            TCPDisconnect   0x000498    program     extern C:\Users\Jim\Desktop\websrvr65_v310\src\net\tcp.c
                 TCPFlush   0x00059a    program     extern C:\Users\Jim\Desktop\websrvr65_v310\src\net\tcp.c
                   TCPGet   0x000cf8    program     extern C:\Users\Jim\Desktop\websrvr65_v310\src\net\tcp.c
              TCPGetArray   0x000ae8    program     extern C:\Users\Jim\Desktop\websrvr65_v310\src\net\tcp.c
           TCPGetArrayChr   0x000bd0    program     extern C:\Users\Jim\Desktop\websrvr65_v310\src\net\tcp.c
        TCPGetRxBufferPos   0x002720    program     extern C:\Users\Jim\Desktop\websrvr65_v310\src\net\tcp.c
         TCPGetSocketInfo   0x002690    program     extern C:\Users\Jim\Desktop\websrvr65_v310\src\net\tcp.c
                  TCPInit   0x0000d4    program     extern C:\Users\Jim\Desktop\websrvr65_v310\src\net\tcp.c
           TCPIsConnected   0x000478    program     extern C:\Users\Jim\Desktop\websrvr65_v310\src\net\tcp.c
            TCPIsGetReady   0x000db0    program     extern C:\Users\Jim\Desktop\websrvr65_v310\src\net\tcp.c
            TCPIsPutReady   0x000700    program     extern C:\Users\Jim\Desktop\websrvr65_v310\src\net\tcp.c
                TCPListen   0x000198    program     extern C:\Users\Jim\Desktop\websrvr65_v310\src\net\tcp.c
               TCPProcess   0x0011e4    program     extern C:\Users\Jim\Desktop\websrvr65_v310\src\net\tcp.c
                   TCPPut   0x000794    program     extern C:\Users\Jim\Desktop\websrvr65_v310\src\net\tcp.c
              TCPPutArray   0x0008c6    program     extern C:\Users\Jim\Desktop\websrvr65_v310\src\net\tcp.c
           TCPSetRxBuffer   0x0026b0    program     extern C:\Users\Jim\Desktop\websrvr65_v310\src\net\tcp.c
                  TCPTick   0x000de0    program     extern C:\Users\Jim\Desktop\websrvr65_v310\src\net\tcp.c
                 TickInit   0x00ebb0    program     extern C:\Users\Jim\Desktop\websrvr65_v310\src\net\tick.c
              TransmitTCP   0x001368    program     static C:\Users\Jim\Desktop\websrvr65_v310\src\net\tcp.c
                 TstLower   0x00dea8    program     static C:\MCC18\src\traditional\stdclib\itoa.asm
                 TstUpper   0x00dea2    program     static C:\MCC18\src\traditional\stdclib\itoa.asm
                 UDPClose   0x006852    program     extern C:\Users\Jim\Desktop\websrvr65_v310\src\net\udp.c
               UDPDiscard   0x006edc    program     extern C:\Users\Jim\Desktop\websrvr65_v310\src\net\udp.c
                 UDPFlush   0x006b30    program     extern C:\Users\Jim\Desktop\websrvr65_v310\src\net\udp.c
                   UDPGet   0x006cd2    program     extern C:\Users\Jim\Desktop\websrvr65_v310\src\net\udp.c
              UDPGetArray   0x006d9c    program     extern C:\Users\Jim\Desktop\websrvr65_v310\src\net\udp.c
           UDPGetNodeInfo   0x00710a    program     extern C:\Users\Jim\Desktop\websrvr65_v310\src\net\udp.c
                  UDPInit   0x006768    program     extern C:\Users\Jim\Desktop\websrvr65_v310\src\net\udp.c
            UDPIsGetReady   0x006c5a    program     extern C:\Users\Jim\Desktop\websrvr65_v310\src\net\udp.c
           UDPIsGetReady_   0x006c92    program     extern C:\Users\Jim\Desktop\websrvr65_v310\src\net\udp.c
            UDPIsPutReady   0x0068b8    program     extern C:\Users\Jim\Desktop\websrvr65_v310\src\net\udp.c
                  UDPOpen   0x006780    program     extern C:\Users\Jim\Desktop\websrvr65_v310\src\net\udp.c
               UDPProcess   0x006f28    program     extern C:\Users\Jim\Desktop\websrvr65_v310\src\net\udp.c
                   UDPPut   0x0068d0    program     extern C:\Users\Jim\Desktop\websrvr65_v310\src\net\udp.c
              UDPPutArray   0x0069b2    program     extern C:\Users\Jim\Desktop\websrvr65_v310\src\net\udp.c
           USARTGetString   0x00a102    program     extern C:\Users\Jim\Desktop\websrvr65_v310\src\sercfg.c
             XEEBeginRead   0x00db5c    program     extern C:\Users\Jim\Desktop\websrvr65_v310\src\net\xeeprom.c
                 XEEClose   0x00dc80    program     extern C:\Users\Jim\Desktop\websrvr65_v310\src\net\xeeprom.c
               XEEEndRead   0x00dc26    program     extern C:\Users\Jim\Desktop\websrvr65_v310\src\net\xeeprom.c
              XEEEndWrite   0x00dbfe    program     extern C:\Users\Jim\Desktop\websrvr65_v310\src\net\xeeprom.c
                  XEEInit   0x00daba    program     extern C:\Users\Jim\Desktop\websrvr65_v310\src\net\xeeprom.c
                XEEIsBusy   0x00dc9e    program     extern C:\Users\Jim\Desktop\websrvr65_v310\src\net\xeeprom.c
                  XEERead   0x00dc18    program     extern C:\Users\Jim\Desktop\websrvr65_v310\src\net\xeeprom.c
             XEEReadArray   0x00dc36    program     extern C:\Users\Jim\Desktop\websrvr65_v310\src\net\xeeprom.c
               XEESetAddr   0x00dacc    program     extern C:\Users\Jim\Desktop\websrvr65_v310\src\net\xeeprom.c
                 XEEWrite   0x00dbc6    program     extern C:\Users\Jim\Desktop\websrvr65_v310\src\net\xeeprom.c
              _2jContinue   0x00dfd0    program     static C:\MCC18\src\traditional\stdclib\memset.asm
              _3jContinue   0x00df46    program     static C:\MCC18\src\traditional\stdclib\mcmpp2r.asm
                   _3jEnd   0x00dfda    program     static C:\MCC18\src\traditional\stdclib\memset.asm
              _4jContinue   0x00df8e    program     static C:\MCC18\src\traditional\stdclib\memcpy.asm
              _4jContinue   0x00e0d2    program     static C:\MCC18\src\traditional\stdclib\strncpy.asm
                   _4jEnd   0x00df50    program     static C:\MCC18\src\traditional\stdclib\mcmpp2r.asm
                   _5jEnd   0x00df98    program     static C:\MCC18\src\traditional\stdclib\memcpy.asm
                   _5jEnd   0x00e0dc    program     static C:\MCC18\src\traditional\stdclib\strncpy.asm
        _D1KTCYXCODE_0010   0x00ebe2    program     static C:\MCC18\src\traditional\delays\d1ktcyx.asm
        _D1KTCYXCODE_0016   0x00ebe8    program     static C:\MCC18\src\traditional\delays\d1ktcyx.asm
             _DHCPReceive   0x007774    program     static C:\Users\Jim\Desktop\websrvr65_v310\src\net\dhcp.c
                _DHCPSend   0x007b1c    program     static C:\Users\Jim\Desktop\websrvr65_v310\src\net\dhcp.c
           ___?:_lbl00082   0x002c80    program     static                          
           ___?:_lbl00083   0x002c76    program     static                          
           ___?:_lbl00241   0x0039aa    program     static                          
           ___?:_lbl00242   0x0039a8    program     static                          
       ___case_0_lbl00058   0x00874c    program     static                          
     ___case_102_lbl00203   0x003660    program     static                          
     ___case_107_lbl00221   0x003558    program     static                          
     ___case_108_lbl00220   0x003558    program     static                          
     ___case_110_lbl00193   0x0034ce    program     static                          
     ___case_110_lbl00202   0x003658    program     static                          
     ___case_114_lbl00204   0x003668    program     static                          
     ___case_114_lbl00223   0x00377a    program     static                          
     ___case_116_lbl00206   0x003678    program     static                          
       ___case_1_lbl00059   0x008752    program     static                          
       ___case_2_lbl00060   0x008758    program     static                          
       ___case_3_lbl00061   0x00875e    program     static                          
      ___case_97_lbl00185   0x00349e    program     static                          
      ___case_98_lbl00183   0x00346e    program     static                          
      ___case_98_lbl00205   0x003670    program     static                          
           ___do_lbl00043   0x0093a0    program     static                          
           ___do_lbl00044   0x0093a4    program     static                          
           ___do_lbl00048   0x009346    program     static                          
         ___else_lbl00017   0x00b37c    program     static                          
         ___else_lbl00085   0x002ce2    program     static                          
         ___else_lbl00088   0x002d2a    program     static                          
         ___else_lbl00092   0x002cec    program     static                          
         ___else_lbl00098   0x002e4e    program     static                          
         ___else_lbl00105   0x002f72    program     static                          
         ___else_lbl00110   0x002fa6    program     static                          
         ___else_lbl00112   0x002f82    program     static                          
         ___else_lbl00114   0x002f4a    program     static                          
         ___else_lbl00116   0x002f36    program     static                          
         ___else_lbl00118   0x002f1e    program     static                          
         ___else_lbl00120   0x002f06    program     static                          
         ___else_lbl00122   0x002eee    program     static                          
         ___else_lbl00124   0x002eda    program     static                          
         ___else_lbl00126   0x002ec6    program     static                          
         ___else_lbl00128   0x002eae    program     static                          
         ___else_lbl00130   0x002e5e    program     static                          
         ___else_lbl00132   0x002e1a    program     static                          
         ___else_lbl00134   0x002e0a    program     static                          
         ___else_lbl00136   0x002dfa    program     static                          
         ___else_lbl00138   0x002dd6    program     static                          
         ___else_lbl00149   0x00310c    program     static                          
         ___else_lbl00152   0x0031d4    program     static                          
         ___else_lbl00159   0x0032fe    program     static                          
         ___else_lbl00170   0x0033f8    program     static                          
         ___else_lbl00173   0x003354    program     static                          
         ___else_lbl00176   0x003232    program     static                          
         ___else_lbl00178   0x00312a    program     static                          
         ___else_lbl00180   0x0030b0    program     static                          
         ___else_lbl00190   0x00352a    program     static                          
         ___else_lbl00200   0x0035e8    program     static                          
         ___else_lbl00210   0x0036a0    program     static                          
         ___else_lbl00212   0x003626    program     static                          
         ___else_lbl00215   0x0036c8    program     static                          
         ___else_lbl00217   0x0035fe    program     static                          
         ___else_lbl00219   0x00372e    program     static                          
         ___else_lbl00231   0x00391a    program     static                          
         ___else_lbl00236   0x0038d0    program     static                          
         ___else_lbl00238   0x00384a    program     static                          
         ___else_lbl00240   0x0037f4    program     static                          
         ___else_lbl00247   0x003a00    program     static                          
         ___else_lbl00254   0x003a8c    program     static                          
         ___else_lbl00257   0x003a2a    program     static                          
         ___else_lbl00260   0x003986    program     static                          
         ___else_lbl00262   0x003798    program     static                          
         ___else_lbl00264   0x003748    program     static                          
         ___else_lbl00266   0x003434    program     static                          
         ___else_lbl00268   0x002fea    program     static                          
          ___for_lbl00186   0x003542    program     static                          
          ___for_lbl00187   0x003548    program     static                          
          ___for_lbl00191   0x0034ec    program     static                          
           ___if_lbl00010   0x00a6e6    program     static                          
           ___if_lbl00014   0x00b37a    program     static                          
           ___if_lbl00015   0x00b37a    program     static                          
           ___if_lbl00016   0x00b382    program     static                          
           ___if_lbl00018   0x00b38a    program     static                          
           ___if_lbl00045   0x00936c    program     static                          
           ___if_lbl00081   0x002c50    program     static                          
           ___if_lbl00084   0x002cea    program     static                          
           ___if_lbl00086   0x002d28    program     static                          
           ___if_lbl00087   0x002d3e    program     static                          
           ___if_lbl00089   0x002d80    program     static                          
           ___if_lbl00090   0x002db2    program     static                          
           ___if_lbl00091   0x002db2    program     static                          
           ___if_lbl00094   0x002df8    program     static                          
           ___if_lbl00096   0x002e4c    program     static                          
           ___if_lbl00097   0x002e52    program     static                          
           ___if_lbl00099   0x002e5c    program     static                          
           ___if_lbl00100   0x002e90    program     static                          
           ___if_lbl00101   0x002ea4    program     static                          
           ___if_lbl00102   0x002ea4    program     static                          
           ___if_lbl00103   0x002f70    program     static                          
           ___if_lbl00104   0x002f76    program     static                          
           ___if_lbl00106   0x002f80    program     static                          
           ___if_lbl00108   0x002fbc    program     static                          
           ___if_lbl00109   0x002fbc    program     static                          
           ___if_lbl00111   0x002fbc    program     static                          
           ___if_lbl00113   0x002fbc    program     static                          
           ___if_lbl00115   0x002fbc    program     static                          
           ___if_lbl00117   0x002fbc    program     static                          
           ___if_lbl00119   0x002fbc    program     static                          
           ___if_lbl00121   0x002fbc    program     static                          
           ___if_lbl00123   0x002fbc    program     static                          
           ___if_lbl00125   0x002fbc    program     static                          
           ___if_lbl00127   0x002fbc    program     static                          
           ___if_lbl00129   0x002fbc    program     static                          
           ___if_lbl00131   0x002fbc    program     static                          
           ___if_lbl00133   0x002fbc    program     static                          
           ___if_lbl00135   0x002fbc    program     static                          
           ___if_lbl00137   0x002fbc    program     static                          
           ___if_lbl00140   0x002fe6    program     static                          
           ___if_lbl00143   0x003032    program     static                          
           ___if_lbl00145   0x003058    program     static                          
           ___if_lbl00146   0x0030ae    program     static                          
           ___if_lbl00147   0x003128    program     static                          
           ___if_lbl00148   0x003128    program     static                          
           ___if_lbl00150   0x003200    program     static                          
           ___if_lbl00151   0x003200    program     static                          
           ___if_lbl00153   0x003230    program     static                          
           ___if_lbl00154   0x003230    program     static                          
           ___if_lbl00157   0x003322    program     static                          
           ___if_lbl00158   0x003322    program     static                          
           ___if_lbl00160   0x003352    program     static                          
           ___if_lbl00163   0x0033b6    program     static                          
           ___if_lbl00168   0x003432    program     static                          
           ___if_lbl00169   0x003432    program     static                          
           ___if_lbl00171   0x003432    program     static                          
           ___if_lbl00172   0x003432    program     static                          
           ___if_lbl00174   0x003432    program     static                          
           ___if_lbl00175   0x003432    program     static                          
           ___if_lbl00177   0x003432    program     static                          
           ___if_lbl00179   0x003432    program     static                          
           ___if_lbl00182   0x00349c    program     static                          
           ___if_lbl00184   0x0034cc    program     static                          
           ___if_lbl00188   0x00350e    program     static                          
           ___if_lbl00189   0x00353e    program     static                          
           ___if_lbl00192   0x003556    program     static                          
           ___if_lbl00195   0x0035ae    program     static                          
           ___if_lbl00198   0x0035d4    program     static                          
           ___if_lbl00199   0x0035fc    program     static                          
           ___if_lbl00207   0x00369a    program     static                          
           ___if_lbl00208   0x0036c6    program     static                          
           ___if_lbl00209   0x0036c6    program     static                          
           ___if_lbl00211   0x0036c6    program     static                          
           ___if_lbl00213   0x0036f4    program     static                          
           ___if_lbl00214   0x0036f4    program     static                          
           ___if_lbl00216   0x0036f4    program     static                          
           ___if_lbl00218   0x003744    program     static                          
           ___if_lbl00224   0x003796    program     static                          
           ___if_lbl00225   0x003848    program     static                          
           ___if_lbl00227   0x003918    program     static                          
           ___if_lbl00228   0x00393e    program     static                          
           ___if_lbl00229   0x003942    program     static                          
           ___if_lbl00230   0x003942    program     static                          
           ___if_lbl00232   0x003960    program     static                          
           ___if_lbl00233   0x003984    program     static                          
           ___if_lbl00234   0x003984    program     static                          
           ___if_lbl00235   0x003984    program     static                          
           ___if_lbl00237   0x003984    program     static                          
           ___if_lbl00239   0x003984    program     static                          
           ___if_lbl00245   0x003a28    program     static                          
           ___if_lbl00246   0x003a28    program     static                          
           ___if_lbl00252   0x003ab4    program     static                          
           ___if_lbl00253   0x003ab4    program     static                          
           ___if_lbl00255   0x003ab4    program     static                          
           ___if_lbl00256   0x003ab4    program     static                          
           ___if_lbl00258   0x003ab4    program     static                          
           ___if_lbl00259   0x003ab4    program     static                          
           ___if_lbl00261   0x003ab4    program     static                          
           ___if_lbl00263   0x003ab4    program     static                          
           ___if_lbl00265   0x003ab4    program     static                          
           ___if_lbl00267   0x003ab4    program     static                          
       ___return_lbl00000   0x000004    program     static                          
       ___return_lbl00000   0x00ebae    program     static                          
       ___return_lbl00001   0x00ec2c    program     static                          
       ___return_lbl00002   0x00ea58    program     static                          
       ___return_lbl00007   0x00a70a    program     static                          
       ___return_lbl00011   0x00000c    program     static                          
       ___return_lbl00012   0x00b38a    program     static                          
       ___return_lbl00040   0x0093ac    program     static                          
       ___return_lbl00056   0x008762    program     static                          
       ___return_lbl00079   0x003abe    program     static                          
   ___switchexit_lbl00057   0x008762    program     static                          
   ___switchexit_lbl00181   0x003746    program     static                          
   ___switchexit_lbl00201   0x003680    program     static                          
   ___switchexit_lbl00222   0x003796    program     static                          
        ___while_lbl00008   0x00a6cc    program     static                          
        ___while_lbl00009   0x00a6d6    program     static                          
        ___while_lbl00011   0x00a6fc    program     static                          
        ___while_lbl00012   0x00a706    program     static                          
        ___while_lbl00041   0x009336    program     static                          
        ___while_lbl00042   0x009340    program     static                          
        ___while_lbl00046   0x009396    program     static                          
        ___while_lbl00047   0x0093a0    program     static                          
        ___while_lbl00164   0x0033d8    program     static                          
        ___while_lbl00165   0x0033e4    program     static                          
        ___while_lbl00166   0x003418    program     static                          
        ___while_lbl00167   0x003424    program     static                          
        ___while_lbl00196   0x0035ae    program     static                          
        ___while_lbl00197   0x0036f6    program     static                          
               __config_0   0x300001    program     static C:\Users\Jim\Desktop\websrvr65_v310\src\mxwebsrvr.c
               __config_1   0x300002    program     static C:\Users\Jim\Desktop\websrvr65_v310\src\mxwebsrvr.c
              __config_10   0x30000d    program     static C:\Users\Jim\Desktop\websrvr65_v310\src\mxwebsrvr.c
               __config_2   0x300003    program     static C:\Users\Jim\Desktop\websrvr65_v310\src\mxwebsrvr.c
               __config_3   0x300005    program     static C:\Users\Jim\Desktop\websrvr65_v310\src\mxwebsrvr.c
               __config_4   0x300006    program     static C:\Users\Jim\Desktop\websrvr65_v310\src\mxwebsrvr.c
               __config_5   0x300008    program     static C:\Users\Jim\Desktop\websrvr65_v310\src\mxwebsrvr.c
               __config_6   0x300009    program     static C:\Users\Jim\Desktop\websrvr65_v310\src\mxwebsrvr.c
               __config_7   0x30000a    program     static C:\Users\Jim\Desktop\websrvr65_v310\src\mxwebsrvr.c
               __config_8   0x30000b    program     static C:\Users\Jim\Desktop\websrvr65_v310\src\mxwebsrvr.c
               __config_9   0x30000c    program     static C:\Users\Jim\Desktop\websrvr65_v310\src\mxwebsrvr.c
                   __init   0x00ec5e    program     extern C:\MCC18\src\traditional\stdclib\__init.c
               __string_0   0x00cece    program     static C:\Users\Jim\Desktop\websrvr65_v310\src\net\ftp.c
               __string_0   0x00cee3    program     static C:\Users\Jim\Desktop\websrvr65_v310\src\event.c
               __string_1   0x00cec9    program     static C:\Users\Jim\Desktop\websrvr65_v310\src\net\ftp.c
               __string_1   0x00cedc    program     static C:\Users\Jim\Desktop\websrvr65_v310\src\event.c
              __string_10   0x00ce72    program     static C:\Users\Jim\Desktop\websrvr65_v310\src\net\ftp.c
              __string_10   0x00cce5    program     static C:\Users\Jim\Desktop\websrvr65_v310\src\sercfg.c
              __string_11   0x00ce6b    program     static C:\Users\Jim\Desktop\websrvr65_v310\src\net\ftp.c
              __string_11   0x00ccc8    program     static C:\Users\Jim\Desktop\websrvr65_v310\src\sercfg.c
              __string_12   0x00ce55    program     static C:\Users\Jim\Desktop\websrvr65_v310\src\net\ftp.c
              __string_13   0x00ce40    program     static C:\Users\Jim\Desktop\websrvr65_v310\src\net\ftp.c
              __string_14   0x00ce25    program     static C:\Users\Jim\Desktop\websrvr65_v310\src\net\ftp.c
              __string_15   0x00ccbd    program     static C:\Users\Jim\Desktop\websrvr65_v310\src\net\http.c
              __string_15   0x00ce1a    program     static C:\Users\Jim\Desktop\websrvr65_v310\src\net\ftp.c
              __string_16   0x00ccb3    program     static C:\Users\Jim\Desktop\websrvr65_v310\src\net\http.c
              __string_16   0x00ce02    program     static C:\Users\Jim\Desktop\websrvr65_v310\src\net\ftp.c
              __string_17   0x00cc9f    program     static C:\Users\Jim\Desktop\websrvr65_v310\src\net\http.c
              __string_17   0x00cdcb    program     static C:\Users\Jim\Desktop\websrvr65_v310\src\net\ftp.c
              __string_18   0x00cc96    program     static C:\Users\Jim\Desktop\websrvr65_v310\src\net\http.c
              __string_18   0x00cdc2    program     static C:\Users\Jim\Desktop\websrvr65_v310\src\net\ftp.c
              __string_19   0x00cc86    program     static C:\Users\Jim\Desktop\websrvr65_v310\src\net\http.c
               __string_2   0x00cec4    program     static C:\Users\Jim\Desktop\websrvr65_v310\src\net\ftp.c
              __string_20   0x00cc7c    program     static C:\Users\Jim\Desktop\websrvr65_v310\src\net\http.c
              __string_21   0x00cc71    program     static C:\Users\Jim\Desktop\websrvr65_v310\src\net\http.c
              __string_22   0x00cc58    program     static C:\Users\Jim\Desktop\websrvr65_v310\src\net\http.c
              __string_23   0x00cc4b    program     static C:\Users\Jim\Desktop\websrvr65_v310\src\net\http.c
              __string_24   0x00cc24    program     static C:\Users\Jim\Desktop\websrvr65_v310\src\net\http.c
              __string_25   0x00cbfd    program     static C:\Users\Jim\Desktop\websrvr65_v310\src\net\http.c
              __string_26   0x00cb9c    program     static C:\Users\Jim\Desktop\websrvr65_v310\src\net\http.c
               __string_3   0x00cebf    program     static C:\Users\Jim\Desktop\websrvr65_v310\src\net\ftp.c
              __string_35   0x00cb6e    program     static C:\Users\Jim\Desktop\websrvr65_v310\src\net\http.c
               __string_4   0x00ceba    program     static C:\Users\Jim\Desktop\websrvr65_v310\src\net\ftp.c
               __string_4   0x00cdb0    program     static C:\Users\Jim\Desktop\websrvr65_v310\src\sercfg.c
               __string_5   0x00cd99    program     static C:\Users\Jim\Desktop\websrvr65_v310\src\sercfg.c
               __string_5   0x00ceb5    program     static C:\Users\Jim\Desktop\websrvr65_v310\src\net\ftp.c
               __string_6   0x00ceb0    program     static C:\Users\Jim\Desktop\websrvr65_v310\src\net\ftp.c
               __string_6   0x00cd7d    program     static C:\Users\Jim\Desktop\websrvr65_v310\src\sercfg.c
               __string_7   0x00cea4    program     static C:\Users\Jim\Desktop\websrvr65_v310\src\net\ftp.c
               __string_7   0x00ced9    program     static C:\Users\Jim\Desktop\websrvr65_v310\src\cmd.c
               __string_7   0x00cd65    program     static C:\Users\Jim\Desktop\websrvr65_v310\src\sercfg.c
               __string_8   0x00ce8c    program     static C:\Users\Jim\Desktop\websrvr65_v310\src\net\ftp.c
               __string_8   0x00cd45    program     static C:\Users\Jim\Desktop\websrvr65_v310\src\sercfg.c
               __string_8   0x00ced3    program     static C:\Users\Jim\Desktop\websrvr65_v310\src\cmd.c
               __string_9   0x00cd24    program     static C:\Users\Jim\Desktop\websrvr65_v310\src\sercfg.c
               __string_9   0x00ce7c    program     static C:\Users\Jim\Desktop\websrvr65_v310\src\net\ftp.c
              __tmplbl_10   0x002dcc    program     static                          
              __tmplbl_11   0x002dc0    program     static                          
              __tmplbl_12   0x002e40    program     static                          
              __tmplbl_13   0x002e34    program     static                          
              __tmplbl_14   0x002f9c    program     static                          
              __tmplbl_15   0x002f8e    program     static                          
              __tmplbl_16   0x002fd6    program     static                          
              __tmplbl_17   0x002fc2    program     static                          
              __tmplbl_18   0x00300e    program     static                          
              __tmplbl_19   0x002ffe    program     static                          
              __tmplbl_20   0x00302a    program     static                          
              __tmplbl_21   0x00301c    program     static                          
              __tmplbl_22   0x003050    program     static                          
              __tmplbl_23   0x003042    program     static                          
              __tmplbl_24   0x003262    program     static                          
              __tmplbl_25   0x00324c    program     static                          
              __tmplbl_26   0x00329e    program     static                          
              __tmplbl_27   0x00328a    program     static                          
              __tmplbl_28   0x00337c    program     static                          
              __tmplbl_29   0x003368    program     static                          
              __tmplbl_30   0x0033b2    program     static                          
              __tmplbl_31   0x0033aa    program     static                          
              __tmplbl_32   0x003598    program     static                          
              __tmplbl_33   0x003584    program     static                          
              __tmplbl_34   0x0037e4    program     static                          
              __tmplbl_35   0x0037e0    program     static                          
              __tmplbl_36   0x00383a    program     static                          
              __tmplbl_37   0x003836    program     static                          
              __tmplbl_38   0x003876    program     static                          
              __tmplbl_39   0x003862    program     static                          
              __tmplbl_40   0x0038a6    program     static                          
              __tmplbl_41   0x0038a2    program     static                          
              __tmplbl_42   0x003a18    program     static                          
              __tmplbl_43   0x003a10    program     static                          
              __tmplbl_44   0x003a08    program     static                          
              __tmplbl_45   0x003a7a    program     static                          
              __tmplbl_46   0x003a72    program     static                          
              __tmplbl_47   0x003a6a    program     static                          
              __tmplbl_48   0x003aa4    program     static                          
              __tmplbl_49   0x003a9c    program     static                          
              __tmplbl_50   0x003a94    program     static                          
              __tmplbl_53   0x00519c    program     static                          
              __tmplbl_54   0x005134    program     static                          
              __tmplbl_55   0x005088    program     static                          
              __tmplbl_56   0x005088    program     static                          
              __tmplbl_57   0x00511c    program     static                          
              __tmplbl_65   0x00268e    program     static                          
              __tmplbl_67   0x0047a2    program     static                          
              __tmplbl_68   0x0047a2    program     static                          
              __tmplbl_69   0x0047a2    program     static                          
              __tmplbl_70   0x0047a2    program     static                          
               __tmplbl_8   0x00b376    program     static                          
               __tmplbl_8   0x002c16    program     static                          
               __tmplbl_9   0x00b370    program     static                          
               __tmplbl_9   0x002c06    program     static                          
            __zero_memory   0x00ebf2    program     extern C:\MCC18\src\traditional\proc\p18F6627.asm
              _appcfgPutc   0x00a6ba    program     extern C:\Users\Jim\Desktop\websrvr65_v310\src\appcfg.c
                _do_cinit   0x00e9bc    program     extern C:\MCC18\src\traditional\startup\c018i.c
                   _entry   0x000000    program     extern C:\MCC18\src\traditional\startup\c018i.c
                 _startup   0x00ec12    program     extern C:\MCC18\src\traditional\startup\c018i.c
                appcfgADC   0x00a96a    program     extern C:\Users\Jim\Desktop\websrvr65_v310\src\appcfg.c
              appcfgCpuIO   0x00a876    program     extern C:\Users\Jim\Desktop\websrvr65_v310\src\appcfg.c
        appcfgCpuIOValues   0x00a914    program     extern C:\Users\Jim\Desktop\websrvr65_v310\src\appcfg.c
               appcfgGetc   0x00a698    program     extern C:\Users\Jim\Desktop\websrvr65_v310\src\appcfg.c
               appcfgInit   0x00a65c    program     extern C:\Users\Jim\Desktop\websrvr65_v310\src\appcfg.c
                appcfgPWM   0x00aba2    program     extern C:\Users\Jim\Desktop\websrvr65_v310\src\appcfg.c
               appcfgSave   0x00a70c    program     extern C:\Users\Jim\Desktop\websrvr65_v310\src\appcfg.c
              appcfgUSART   0x00a70e    program     extern C:\Users\Jim\Desktop\websrvr65_v310\src\appcfg.c
             appcfgUSART2   0x00a7c2    program     extern C:\Users\Jim\Desktop\websrvr65_v310\src\appcfg.c
             appcfgXboard   0x00acb6    program     extern C:\Users\Jim\Desktop\websrvr65_v310\src\appcfg.c
                     atoi   0x00dcfe    program     extern C:\MCC18\src\traditional\stdclib\atoi.asm
             base64Decode   0x0094e6    program     extern C:\Users\Jim\Desktop\websrvr65_v310\src\net\helpers.c
             base64EncStr   0x00eada    program     static C:\Users\Jim\Desktop\websrvr65_v310\src\net\helpers.c
             base64Encode   0x0094e8    program     extern C:\Users\Jim\Desktop\websrvr65_v310\src\net\helpers.c
             btohexa_high   0x009028    program     extern C:\Users\Jim\Desktop\websrvr65_v310\src\net\helpers.c
              btohexa_low   0x00900e    program     extern C:\Users\Jim\Desktop\websrvr65_v310\src\net\helpers.c
              busInfoInit   0x007d86    program     extern C:\Users\Jim\Desktop\websrvr65_v310\src\buses.c
                  busInit   0x007d62    program     extern C:\Users\Jim\Desktop\websrvr65_v310\src\buses.c
               busNetInit   0x007fa6    program     extern C:\Users\Jim\Desktop\websrvr65_v310\src\buses.c
               busService   0x008736    program     extern C:\Users\Jim\Desktop\websrvr65_v310\src\buses.c
                  busTask   0x008152    program     extern C:\Users\Jim\Desktop\websrvr65_v310\src\buses.c
                   chkLCD   0x00d162    program     extern C:\Users\Jim\Desktop\websrvr65_v310\src\event.c
                chkXboard   0x00d224    program     extern C:\Users\Jim\Desktop\websrvr65_v310\src\event.c
         cmdGetByteHexVar   0x00442a    program     static C:\Users\Jim\Desktop\websrvr65_v310\src\cmd.c
    cmdGetEepromStringVar   0x0043e8    program     static C:\Users\Jim\Desktop\websrvr65_v310\src\cmd.c
       cmdGetROMStringVar   0x004392    program     static C:\Users\Jim\Desktop\websrvr65_v310\src\cmd.c
                cmdGetTag   0x003ac0    program     extern C:\Users\Jim\Desktop\websrvr65_v310\src\cmd.c
         cmdGetWordHexVar   0x00446e    program     static C:\Users\Jim\Desktop\websrvr65_v310\src\cmd.c
            cmdGetWordVar   0x0044d0    program     static C:\Users\Jim\Desktop\websrvr65_v310\src\cmd.c
                  cmdInit   0x00275c    program     extern C:\Users\Jim\Desktop\websrvr65_v310\src\cmd.c
                  cmdTask   0x0027e0    program     extern C:\Users\Jim\Desktop\websrvr65_v310\src\cmd.c
                compare_l   0x00ec08    program     static C:\MCC18\src\traditional\proc\p18F6627.asm
                copy_loop   0x00ea2e    program     static                          
            copy_one_byte   0x00ea34    program     static                          
                     done   0x00ea58    program     static                          
             done_copying   0x00ea42    program     static                          
         eeBusConfigArray   0xf00100    program     extern C:\Users\Jim\Desktop\websrvr65_v310\src\appcfg.c
            eeConfigArray   0xf00000    program     extern C:\Users\Jim\Desktop\websrvr65_v310\src\appcfg.c
        eeconfigArrayFill   0xf00091    program     extern C:\Users\Jim\Desktop\websrvr65_v310\src\appcfg.c
                  endloop   0x00ebaa    program     static                          
                  evtInit   0x00ceea    program     extern C:\Users\Jim\Desktop\websrvr65_v310\src\event.c
                  evtTask   0x00cf74    program     extern C:\Users\Jim\Desktop\websrvr65_v310\src\event.c
[...]
                TRISBbits   0x000f93       data     extern C:\MCC18\src\traditional\proc\p18F6627.asm
                    TRISB   0x000f93       data     extern C:\MCC18\src\traditional\proc\p18F6627.asm
                TRISCbits   0x000f94       data     extern C:\MCC18\src\traditional\proc\p18F6627.asm
                     DDRC   0x000f94       data     extern C:\MCC18\src\traditional\proc\p18F6627.asm
                 DDRCbits   0x000f94       data     extern C:\MCC18\src\traditional\proc\p18F6627.asm
                    TRISC   0x000f94       data     extern C:\MCC18\src\traditional\proc\p18F6627.asm
                     DDRD   0x000f95       data     extern C:\MCC18\src\traditional\proc\p18F6627.asm
                 DDRDbits   0x000f95       data     extern C:\MCC18\src\traditional\proc\p18F6627.asm
                    TRISD   0x000f95       data     extern C:\MCC18\src\traditional\proc\p18F6627.asm
                TRISDbits   0x000f95       data     extern C:\MCC18\src\traditional\proc\p18F6627.asm
                TRISEbits   0x000f96       data     extern C:\MCC18\src\traditional\proc\p18F6627.asm
                    TRISE   0x000f96       data     extern C:\MCC18\src\traditional\proc\p18F6627.asm
                     DDRE   0x000f96       data     extern C:\MCC18\src\traditional\proc\p18F6627.asm
                 DDREbits   0x000f96       data     extern C:\MCC18\src\traditional\proc\p18F6627.asm
                     DDRF   0x000f97       data     extern C:\MCC18\src\traditional\proc\p18F6627.asm
                TRISFbits   0x000f97       data     extern C:\MCC18\src\traditional\proc\p18F6627.asm
                    TRISF   0x000f97       data     extern C:\MCC18\src\traditional\proc\p18F6627.asm
                 DDRFbits   0x000f97       data     extern C:\MCC18\src\traditional\proc\p18F6627.asm
                    TRISG   0x000f98       data     extern C:\MCC18\src\traditional\proc\p18F6627.asm
                TRISGbits   0x000f98       data     extern C:\MCC18\src\traditional\proc\p18F6627.asm
                 DDRGbits   0x000f98       data     extern C:\MCC18\src\traditional\proc\p18F6627.asm
                     DDRG   0x000f98       data     extern C:\MCC18\src\traditional\proc\p18F6627.asm
                  OSCTUNE   0x000f9b       data     extern C:\MCC18\src\traditional\proc\p18F6627.asm
              OSCTUNEbits   0x000f9b       data     extern C:\MCC18\src\traditional\proc\p18F6627.asm
                     PIE1   0x000f9d       data     extern C:\MCC18\src\traditional\proc\p18F6627.asm
                 PIE1bits   0x000f9d       data     extern C:\MCC18\src\traditional\proc\p18F6627.asm
                 PIR1bits   0x000f9e       data     extern C:\MCC18\src\traditional\proc\p18F6627.asm
                     PIR1   0x000f9e       data     extern C:\MCC18\src\traditional\proc\p18F6627.asm
                 IPR1bits   0x000f9f       data     extern C:\MCC18\src\traditional\proc\p18F6627.asm
                     IPR1   0x000f9f       data     extern C:\MCC18\src\traditional\proc\p18F6627.asm
                     PIE2   0x000fa0       data     extern C:\MCC18\src\traditional\proc\p18F6627.asm
                 PIE2bits   0x000fa0       data     extern C:\MCC18\src\traditional\proc\p18F6627.asm
                 PIR2bits   0x000fa1       data     extern C:\MCC18\src\traditional\proc\p18F6627.asm
                     PIR2   0x000fa1       data     extern C:\MCC18\src\traditional\proc\p18F6627.asm
                 IPR2bits   0x000fa2       data     extern C:\MCC18\src\traditional\proc\p18F6627.asm
                     IPR2   0x000fa2       data     extern C:\MCC18\src\traditional\proc\p18F6627.asm
                 PIE3bits   0x000fa3       data     extern C:\MCC18\src\traditional\proc\p18F6627.asm
                     PIE3   0x000fa3       data     extern C:\MCC18\src\traditional\proc\p18F6627.asm
                     PIR3   0x000fa4       data     extern C:\MCC18\src\traditional\proc\p18F6627.asm
                 PIR3bits   0x000fa4       data     extern C:\MCC18\src\traditional\proc\p18F6627.asm
                     IPR3   0x000fa5       data     extern C:\MCC18\src\traditional\proc\p18F6627.asm
                 IPR3bits   0x000fa5       data     extern C:\MCC18\src\traditional\proc\p18F6627.asm
                   EECON1   0x000fa6       data     extern C:\MCC18\src\traditional\proc\p18F6627.asm
               EECON1bits   0x000fa6       data     extern C:\MCC18\src\traditional\proc\p18F6627.asm
                   EECON2   0x000fa7       data     extern C:\MCC18\src\traditional\proc\p18F6627.asm
                   EEDATA   0x000fa8       data     extern C:\MCC18\src\traditional\proc\p18F6627.asm
                    EEADR   0x000fa9       data     extern C:\MCC18\src\traditional\proc\p18F6627.asm
                   EEADRH   0x000faa       data     extern C:\MCC18\src\traditional\proc\p18F6627.asm
                RCSTAbits   0x000fab       data     extern C:\MCC18\src\traditional\proc\p18F6627.asm
               RCSTA1bits   0x000fab       data     extern C:\MCC18\src\traditional\proc\p18F6627.asm
                   RCSTA1   0x000fab       data     extern C:\MCC18\src\traditional\proc\p18F6627.asm
                    RCSTA   0x000fab       data     extern C:\MCC18\src\traditional\proc\p18F6627.asm
                    TXSTA   0x000fac       data     extern C:\MCC18\src\traditional\proc\p18F6627.asm
                   TXSTA1   0x000fac       data     extern C:\MCC18\src\traditional\proc\p18F6627.asm
                TXSTAbits   0x000fac       data     extern C:\MCC18\src\traditional\proc\p18F6627.asm
               TXSTA1bits   0x000fac       data     extern C:\MCC18\src\traditional\proc\p18F6627.asm
                    TXREG   0x000fad       data     extern C:\MCC18\src\traditional\proc\p18F6627.asm
                   TXREG1   0x000fad       data     extern C:\MCC18\src\traditional\proc\p18F6627.asm
                    RCREG   0x000fae       data     extern C:\MCC18\src\traditional\proc\p18F6627.asm
                   RCREG1   0x000fae       data     extern C:\MCC18\src\traditional\proc\p18F6627.asm
                    SPBRG   0x000faf       data     extern C:\MCC18\src\traditional\proc\p18F6627.asm
                   SPBRG1   0x000faf       data     extern C:\MCC18\src\traditional\proc\p18F6627.asm
                   PSPCON   0x000fb0       data     extern C:\MCC18\src\traditional\proc\p18F6627.asm
               PSPCONbits   0x000fb0       data     extern C:\MCC18\src\traditional\proc\p18F6627.asm
                T3CONbits   0x000fb1       data     extern C:\MCC18\src\traditional\proc\p18F6627.asm
                    T3CON   0x000fb1       data     extern C:\MCC18\src\traditional\proc\p18F6627.asm
                    TMR3L   0x000fb2       data     extern C:\MCC18\src\traditional\proc\p18F6627.asm
                    TMR3H   0x000fb3       data     extern C:\MCC18\src\traditional\proc\p18F6627.asm
                    CMCON   0x000fb4       data     extern C:\MCC18\src\traditional\proc\p18F6627.asm
                CMCONbits   0x000fb4       data     extern C:\MCC18\src\traditional\proc\p18F6627.asm
                   CVRCON   0x000fb5       data     extern C:\MCC18\src\traditional\proc\p18F6627.asm
               CVRCONbits   0x000fb5       data     extern C:\MCC18\src\traditional\proc\p18F6627.asm
              ECCP1ASbits   0x000fb6       data     extern C:\MCC18\src\traditional\proc\p18F6627.asm
                  ECCP1AS   0x000fb6       data     extern C:\MCC18\src\traditional\proc\p18F6627.asm
              CCP3CONbits   0x000fb7       data     extern C:\MCC18\src\traditional\proc\p18F6627.asm
                  CCP3CON   0x000fb7       data     extern C:\MCC18\src\traditional\proc\p18F6627.asm
             ECCP3CONbits   0x000fb7       data     extern C:\MCC18\src\traditional\proc\p18F6627.asm
                 ECCP3CON   0x000fb7       data     extern C:\MCC18\src\traditional\proc\p18F6627.asm
                   CCPR3L   0x000fb8       data     extern C:\MCC18\src\traditional\proc\p18F6627.asm
                    CCPR3   0x000fb8       data     extern C:\MCC18\src\traditional\proc\p18F6627.asm
                   CCPR3H   0x000fb9       data     extern C:\MCC18\src\traditional\proc\p18F6627.asm
             ECCP2CONbits   0x000fba       data     extern C:\MCC18\src\traditional\proc\p18F6627.asm
                 ECCP2CON   0x000fba       data     extern C:\MCC18\src\traditional\proc\p18F6627.asm
                  CCP2CON   0x000fba       data     extern C:\MCC18\src\traditional\proc\p18F6627.asm
              CCP2CONbits   0x000fba       data     extern C:\MCC18\src\traditional\proc\p18F6627.asm
                    CCPR2   0x000fbb       data     extern C:\MCC18\src\traditional\proc\p18F6627.asm
                   CCPR2L   0x000fbb       data     extern C:\MCC18\src\traditional\proc\p18F6627.asm
                   CCPR2H   0x000fbc       data     extern C:\MCC18\src\traditional\proc\p18F6627.asm
             ECCP1CONbits   0x000fbd       data     extern C:\MCC18\src\traditional\proc\p18F6627.asm
                 ECCP1CON   0x000fbd       data     extern C:\MCC18\src\traditional\proc\p18F6627.asm
                  CCP1CON   0x000fbd       data     extern C:\MCC18\src\traditional\proc\p18F6627.asm
              CCP1CONbits   0x000fbd       data     extern C:\MCC18\src\traditional\proc\p18F6627.asm
                   CCPR1L   0x000fbe       data     extern C:\MCC18\src\traditional\proc\p18F6627.asm
                    CCPR1   0x000fbe       data     extern C:\MCC18\src\traditional\proc\p18F6627.asm
                   CCPR1H   0x000fbf       data     extern C:\MCC18\src\traditional\proc\p18F6627.asm
               ADCON2bits   0x000fc0       data     extern C:\MCC18\src\traditional\proc\p18F6627.asm
                   ADCON2   0x000fc0       data     extern C:\MCC18\src\traditional\proc\p18F6627.asm
                   ADCON1   0x000fc1       data     extern C:\MCC18\src\traditional\proc\p18F6627.asm
               ADCON1bits   0x000fc1       data     extern C:\MCC18\src\traditional\proc\p18F6627.asm
                   ADCON0   0x000fc2       data     extern C:\MCC18\src\traditional\proc\p18F6627.asm
               ADCON0bits   0x000fc2       data     extern C:\MCC18\src\traditional\proc\p18F6627.asm
                    ADRES   0x000fc3       data     extern C:\MCC18\src\traditional\proc\p18F6627.asm
                   ADRESL   0x000fc3       data     extern C:\MCC18\src\traditional\proc\p18F6627.asm
                   ADRESH   0x000fc4       data     extern C:\MCC18\src\traditional\proc\p18F6627.asm
              SSPCON2bits   0x000fc5       data     extern C:\MCC18\src\traditional\proc\p18F6627.asm
                  SSPCON2   0x000fc5       data     extern C:\MCC18\src\traditional\proc\p18F6627.asm
                 SSP1CON2   0x000fc5       data     extern C:\MCC18\src\traditional\proc\p18F6627.asm
             SSP1CON2bits   0x000fc5       data     extern C:\MCC18\src\traditional\proc\p18F6627.asm
                 SSP1CON1   0x000fc6       data     extern C:\MCC18\src\traditional\proc\p18F6627.asm
             SSP1CON1bits   0x000fc6       data     extern C:\MCC18\src\traditional\proc\p18F6627.asm
              SSPCON1bits   0x000fc6       data     extern C:\MCC18\src\traditional\proc\p18F6627.asm
                  SSPCON1   0x000fc6       data     extern C:\MCC18\src\traditional\proc\p18F6627.asm
             SSP1STATbits   0x000fc7       data     extern C:\MCC18\src\traditional\proc\p18F6627.asm
                 SSP1STAT   0x000fc7       data     extern C:\MCC18\src\traditional\proc\p18F6627.asm
              SSPSTATbits   0x000fc7       data     extern C:\MCC18\src\traditional\proc\p18F6627.asm
                  SSPSTAT   0x000fc7       data     extern C:\MCC18\src\traditional\proc\p18F6627.asm
                   SSPADD   0x000fc8       data     extern C:\MCC18\src\traditional\proc\p18F6627.asm
                  SSP1ADD   0x000fc8       data     extern C:\MCC18\src\traditional\proc\p18F6627.asm
                   SSPBUF   0x000fc9       data     extern C:\MCC18\src\traditional\proc\p18F6627.asm
                  SSP1BUF   0x000fc9       data     extern C:\MCC18\src\traditional\proc\p18F6627.asm
                    T2CON   0x000fca       data     extern C:\MCC18\src\traditional\proc\p18F6627.asm
                T2CONbits   0x000fca       data     extern C:\MCC18\src\traditional\proc\p18F6627.asm
                      PR2   0x000fcb       data     extern C:\MCC18\src\traditional\proc\p18F6627.asm
                     TMR2   0x000fcc       data     extern C:\MCC18\src\traditional\proc\p18F6627.asm
                    T1CON   0x000fcd       data     extern C:\MCC18\src\traditional\proc\p18F6627.asm
                T1CONbits   0x000fcd       data     extern C:\MCC18\src\traditional\proc\p18F6627.asm
                    TMR1L   0x000fce       data     extern C:\MCC18\src\traditional\proc\p18F6627.asm
                    TMR1H   0x000fcf       data     extern C:\MCC18\src\traditional\proc\p18F6627.asm
                     RCON   0x000fd0       data     extern C:\MCC18\src\traditional\proc\p18F6627.asm
                 RCONbits   0x000fd0       data     extern C:\MCC18\src\traditional\proc\p18F6627.asm
               WDTCONbits   0x000fd1       data     extern C:\MCC18\src\traditional\proc\p18F6627.asm
                   WDTCON   0x000fd1       data     extern C:\MCC18\src\traditional\proc\p18F6627.asm
              HLVDCONbits   0x000fd2       data     extern C:\MCC18\src\traditional\proc\p18F6627.asm
                  HLVDCON   0x000fd2       data     extern C:\MCC18\src\traditional\proc\p18F6627.asm
                   LVDCON   0x000fd2       data     extern C:\MCC18\src\traditional\proc\p18F6627.asm
               LVDCONbits   0x000fd2       data     extern C:\MCC18\src\traditional\proc\p18F6627.asm
               OSCCONbits   0x000fd3       data     extern C:\MCC18\src\traditional\proc\p18F6627.asm
                   OSCCON   0x000fd3       data     extern C:\MCC18\src\traditional\proc\p18F6627.asm
                    T0CON   0x000fd5       data     extern C:\MCC18\src\traditional\proc\p18F6627.asm
                T0CONbits   0x000fd5       data     extern C:\MCC18\src\traditional\proc\p18F6627.asm
                    TMR0L   0x000fd6       data     extern C:\MCC18\src\traditional\proc\p18F6627.asm
                    TMR0H   0x000fd7       data     extern C:\MCC18\src\traditional\proc\p18F6627.asm
               STATUSbits   0x000fd8       data     extern C:\MCC18\src\traditional\proc\p18F6627.asm
                   STATUS   0x000fd8       data     extern C:\MCC18\src\traditional\proc\p18F6627.asm
                     FSR2   0x000fd9       data     extern C:\MCC18\src\traditional\proc\p18F6627.asm
                    FSR2L   0x000fd9       data     extern C:\MCC18\src\traditional\proc\p18F6627.asm
                    FSR2H   0x000fda       data     extern C:\MCC18\src\traditional\proc\p18F6627.asm
                   PLUSW2   0x000fdb       data     extern C:\MCC18\src\traditional\proc\p18F6627.asm
                  PREINC2   0x000fdc       data     extern C:\MCC18\src\traditional\proc\p18F6627.asm
                 POSTDEC2   0x000fdd       data     extern C:\MCC18\src\traditional\proc\p18F6627.asm
                 POSTINC2   0x000fde       data     extern C:\MCC18\src\traditional\proc\p18F6627.asm
                    INDF2   0x000fdf       data     extern C:\MCC18\src\traditional\proc\p18F6627.asm
                      BSR   0x000fe0       data     extern C:\MCC18\src\traditional\proc\p18F6627.asm
                     FSR1   0x000fe1       data     extern C:\MCC18\src\traditional\proc\p18F6627.asm
                    FSR1L   0x000fe1       data     extern C:\MCC18\src\traditional\proc\p18F6627.asm
                    FSR1H   0x000fe2       data     extern C:\MCC18\src\traditional\proc\p18F6627.asm
                   PLUSW1   0x000fe3       data     extern C:\MCC18\src\traditional\proc\p18F6627.asm
                  PREINC1   0x000fe4       data     extern C:\MCC18\src\traditional\proc\p18F6627.asm
                 POSTDEC1   0x000fe5       data     extern C:\MCC18\src\traditional\proc\p18F6627.asm
                 POSTINC1   0x000fe6       data     extern C:\MCC18\src\traditional\proc\p18F6627.asm
                    INDF1   0x000fe7       data     extern C:\MCC18\src\traditional\proc\p18F6627.asm
                     WREG   0x000fe8       data     extern C:\MCC18\src\traditional\proc\p18F6627.asm
                    FSR0L   0x000fe9       data     extern C:\MCC18\src\traditional\proc\p18F6627.asm
                     FSR0   0x000fe9       data     extern C:\MCC18\src\traditional\proc\p18F6627.asm
                    FSR0H   0x000fea       data     extern C:\MCC18\src\traditional\proc\p18F6627.asm
                   PLUSW0   0x000feb       data     extern C:\MCC18\src\traditional\proc\p18F6627.asm
                  PREINC0   0x000fec       data     extern C:\MCC18\src\traditional\proc\p18F6627.asm
                 POSTDEC0   0x000fed       data     extern C:\MCC18\src\traditional\proc\p18F6627.asm
                 POSTINC0   0x000fee       data     extern C:\MCC18\src\traditional\proc\p18F6627.asm
                    INDF0   0x000fef       data     extern C:\MCC18\src\traditional\proc\p18F6627.asm
                  INTCON3   0x000ff0       data     extern C:\MCC18\src\traditional\proc\p18F6627.asm
              INTCON3bits   0x000ff0       data     extern C:\MCC18\src\traditional\proc\p18F6627.asm
                  INTCON2   0x000ff1       data     extern C:\MCC18\src\traditional\proc\p18F6627.asm
              INTCON2bits   0x000ff1       data     extern C:\MCC18\src\traditional\proc\p18F6627.asm
                   INTCON   0x000ff2       data     extern C:\MCC18\src\traditional\proc\p18F6627.asm
               INTCONbits   0x000ff2       data     extern C:\MCC18\src\traditional\proc\p18F6627.asm
                    PRODL   0x000ff3       data     extern C:\MCC18\src\traditional\proc\p18F6627.asm
                     PROD   0x000ff3       data     extern C:\MCC18\src\traditional\proc\p18F6627.asm
                    PRODH   0x000ff4       data     extern C:\MCC18\src\traditional\proc\p18F6627.asm
                   TABLAT   0x000ff5       data     extern C:\MCC18\src\traditional\proc\p18F6627.asm
                   TBLPTR   0x000ff6       data     extern C:\MCC18\src\traditional\proc\p18F6627.asm
                  TBLPTRL   0x000ff6       data     extern C:\MCC18\src\traditional\proc\p18F6627.asm
                  TBLPTRH   0x000ff7       data     extern C:\MCC18\src\traditional\proc\p18F6627.asm
                  TBLPTRU   0x000ff8       data     extern C:\MCC18\src\traditional\proc\p18F6627.asm
                      PCL   0x000ff9       data     extern C:\MCC18\src\traditional\proc\p18F6627.asm
                       PC   0x000ff9       data     extern C:\MCC18\src\traditional\proc\p18F6627.asm
                   PCLATH   0x000ffa       data     extern C:\MCC18\src\traditional\proc\p18F6627.asm
                   PCLATU   0x000ffb       data     extern C:\MCC18\src\traditional\proc\p18F6627.asm
                   STKPTR   0x000ffc       data     extern C:\MCC18\src\traditional\proc\p18F6627.asm
               STKPTRbits   0x000ffc       data     extern C:\MCC18\src\traditional\proc\p18F6627.asm
                      TOS   0x000ffd       data     extern C:\MCC18\src\traditional\proc\p18F6627.asm
                     TOSL   0x000ffd       data     extern C:\MCC18\src\traditional\proc\p18F6627.asm
                     TOSH   0x000ffe       data     extern C:\MCC18\src\traditional\proc\p18F6627.asm
                     TOSU   0x000fff       data     extern C:\MCC18\src\traditional\proc\p18F6627.asm


